TAP version 13
# (node:2448100) ExperimentalWarning: SQLite is an experimental feature and might change at any time
# (Use `node --trace-warnings ...` to show where the warning was created)
# Subtest: ticket edit fails closed when actor is missing
ok 1 - ticket edit fails closed when actor is missing
  ---
  duration_ms: 10.135371
  type: 'test'
  ...
# Subtest: ticket edit rejects an unknown actor
ok 2 - ticket edit rejects an unknown actor
  ---
  duration_ms: 4.294964
  type: 'test'
  ...
# Subtest: ticket edit rejects an inactive actor
ok 3 - ticket edit rejects an inactive actor
  ---
  duration_ms: 3.798575
  type: 'test'
  ...
# Subtest: valid human edit records the validated canonical actor
ok 4 - valid human edit records the validated canonical actor
  ---
  duration_ms: 4.101585
  type: 'test'
  ...
# Subtest: project move and persisted history retain the validated actor
ok 5 - project move and persisted history retain the validated actor
  ---
  duration_ms: 4.953321
  type: 'test'
  ...
# (node:2448101) ExperimentalWarning: SQLite is an experimental feature and might change at any time
# (Use `node --trace-warnings ...` to show where the warning was created)
# Subtest: SQLite ticket fields, numbering, and event history survive store restart
ok 6 - SQLite ticket fields, numbering, and event history survive store restart
  ---
  duration_ms: 13.490244
  type: 'test'
  ...
# Subtest: durable claim survives arbitrary elapsed time and restart without liveness inference
ok 7 - durable claim survives arbitrary elapsed time and restart without liveness inference
  ---
  duration_ms: 5.894458
  type: 'test'
  ...
# Subtest: explicit release removes authority and makes open ticket ready
ok 8 - explicit release removes authority and makes open ticket ready
  ---
  duration_ms: 5.091845
  type: 'test'
  ...
# Subtest: submit review, accept done, and reopen open are explicit state transitions
ok 9 - submit review, accept done, and reopen open are explicit state transitions
  ---
  duration_ms: 5.69826
  type: 'test'
  ...
# Subtest: competing claims are atomic across independent SQLite connections
ok 10 - competing claims are atomic across independent SQLite connections
  ---
  duration_ms: 5.685757
  type: 'test'
  ...
# Subtest: explicit takeover increments generation and old owner is fenced
ok 11 - explicit takeover increments generation and old owner is fenced
  ---
  duration_ms: 6.639802
  type: 'test'
  ...
# Subtest: event cursor is global monotonic and polling after cursor filters project or ticket
ok 12 - event cursor is global monotonic and polling after cursor filters project or ticket
  ---
  duration_ms: 4.509518
  type: 'test'
  ...
# Subtest: human edits every ticket field while assignment remains distinct from the active claim
ok 13 - human edits every ticket field while assignment remains distinct from the active claim
  ---
  duration_ms: 4.757566
  type: 'test'
  ...
# Subtest: human direct state changes fence claims and progress stays in the ticket event chronology
ok 14 - human direct state changes fence claims and progress stays in the ticket event chronology
  ---
  duration_ms: 7.092417
  type: 'test'
  ...
# Subtest: direct state override resolves a pending approval instead of leaving a stale inbox question
ok 15 - direct state override resolves a pending approval instead of leaving a stale inbox question
  ---
  duration_ms: 5.758157
  type: 'test'
  ...
# Subtest: archive is reversible while confirmed delete tombstones without erasing history
ok 16 - archive is reversible while confirmed delete tombstones without erasing history
  ---
  duration_ms: 6.793552
  type: 'test'
  ...
# Subtest: deleted tombstones reject subsequent human mutations
ok 17 - deleted tombstones reject subsequent human mutations
  ---
  duration_ms: 5.702446
  type: 'test'
  ...
# Subtest: ticket edit and assignment retain the minimal canonical fields and record events
ok 18 - ticket edit and assignment retain the minimal canonical fields and record events
  ---
  duration_ms: 4.610981
  type: 'test'
  ...
# (node:2448107) ExperimentalWarning: SQLite is an experimental feature and might change at any time
# (Use `node --trace-warnings ...` to show where the warning was created)
# Subtest: HTTP exposes the complete canonical lifecycle and event polling
ok 19 - HTTP exposes the complete canonical lifecycle and event polling
  ---
  duration_ms: 78.495664
  type: 'test'
  ...
# Subtest: HTTP release and authorized takeover preserve fencing
ok 20 - HTTP release and authorized takeover preserve fencing
  ---
  duration_ms: 21.156835
  type: 'test'
  ...
# Subtest: HTTP exposes human ticket history edits, state, archive, restore, notes, and confirmed delete
ok 21 - HTTP exposes human ticket history edits, state, archive, restore, notes, and confirmed delete
  ---
  duration_ms: 20.956037
  type: 'test'
  ...
# Subtest: HTTP ticket edits fail closed without an active actor and persist canonical provenance
ok 22 - HTTP ticket edits fail closed without an active actor and persist canonical provenance
  ---
  duration_ms: 18.495594
  type: 'test'
  ...
# Subtest: HTTP edits minimal ticket fields and rejects malformed JSON
ok 23 - HTTP edits minimal ticket fields and rejects malformed JSON
  ---
  duration_ms: 10.592927
  type: 'test'
  ...
# Subtest: Markdown rendering preserves useful formatting and escapes executable HTML
ok 24 - Markdown rendering preserves useful formatting and escapes executable HTML
  ---
  duration_ms: 1.407883
  type: 'test'
  ...
# Subtest: reusable modal closes only from backdrop or Escape and restores trigger focus
ok 25 - reusable modal closes only from backdrop or Escape and restores trigger focus
  ---
  duration_ms: 0.366373
  type: 'test'
  ...
# Subtest: project chip left click is exclusive/toggle-All and right click excludes only that project
ok 26 - project chip left click is exclusive/toggle-All and right click excludes only that project
  ---
  duration_ms: 1.808404
  type: 'test'
  ...
# Subtest: project and assignee filters compose, including unassigned tickets
ok 27 - project and assignee filters compose, including unassigned tickets
  ---
  duration_ms: 0.224891
  type: 'test'
  ...
# Subtest: filter chips expose accessible selected state, context-menu exclusion, and empty reset
ok 28 - filter chips expose accessible selected state, context-menu exclusion, and empty reset
  ---
  duration_ms: 6.507986
  type: 'test'
  ...
# Subtest: human ticket UI exposes every field, direct state, progress, archive, restore, delete, and attributed timeline
ok 29 - human ticket UI exposes every field, direct state, progress, archive, restore, delete, and attributed timeline
  ---
  duration_ms: 1.082144
  type: 'test'
  ...
# Subtest: nested modal flows restore their prior view before returning focus to an in-dialog trigger
ok 30 - nested modal flows restore their prior view before returning focus to an in-dialog trigger
  ---
  duration_ms: 1.101563
  type: 'test'
  ...
# Subtest: ticket, question, project, and ticket-create flows share one modal shell
ok 31 - ticket, question, project, and ticket-create flows share one modal shell
  ---
  duration_ms: 2.525111
  type: 'test'
  ...
1..31
# tests 31
# suites 0
# pass 31
# fail 0
# cancelled 0
# skipped 0
# todo 0
# duration_ms 231.10178

EXIT=0
