TAP version 13
# (node:2447283) ExperimentalWarning: SQLite is an experimental feature and might change at any time
# (Use `node --trace-warnings ...` to show where the warning was created)
# Subtest: ticket edit fails closed when actor is missing
ok 1 - ticket edit fails closed when actor is missing
  ---
  duration_ms: 10.000831
  type: 'test'
  ...
# Subtest: ticket edit rejects an unknown actor
ok 2 - ticket edit rejects an unknown actor
  ---
  duration_ms: 4.087845
  type: 'test'
  ...
# Subtest: ticket edit rejects an inactive actor
ok 3 - ticket edit rejects an inactive actor
  ---
  duration_ms: 3.969086
  type: 'test'
  ...
# Subtest: valid human edit records the validated canonical actor
ok 4 - valid human edit records the validated canonical actor
  ---
  duration_ms: 4.137486
  type: 'test'
  ...
# Subtest: project move and persisted history retain the validated actor
ok 5 - project move and persisted history retain the validated actor
  ---
  duration_ms: 5.063154
  type: 'test'
  ...
1..5
# tests 5
# suites 0
# pass 5
# fail 0
# cancelled 0
# skipped 0
# todo 0
# duration_ms 88.13402

EXIT=0
