TAP version 13
# (node:2446879) ExperimentalWarning: SQLite is an experimental feature and might change at any time
# (Use `node --trace-warnings ...` to show where the warning was created)
# Subtest: HTTP ticket edits fail closed without an active actor and persist canonical provenance
not ok 1 - HTTP ticket edits fail closed without an active actor and persist canonical provenance
  ---
  duration_ms: 46.758592
  type: 'test'
  location: '/root/worktrees/viq-human-history/test/http.test.js:77:1'
  failureType: 'testCodeFailure'
  error: "Cannot read properties of undefined (reading 'code')"
  code: 'ERR_TEST_FAILURE'
  name: 'TypeError'
  stack: |-
    TestContext.<anonymous> (file:///root/worktrees/viq-human-history/test/http.test.js:86:38)
    process.processTicksAndRejections (node:internal/process/task_queues:103:5)
    async Test.run (node:internal/test_runner/test:1054:7)
    async startSubtestAfterBootstrap (node:internal/test_runner/harness:296:3)
  ...
1..1
# tests 1
# suites 0
# pass 0
# fail 1
# cancelled 0
# skipped 0
# todo 0
# duration_ms 160.760719

EXIT=1
