TAP version 13
# (node:2446862) ExperimentalWarning: SQLite is an experimental feature and might change at any time
# (Use `node --trace-warnings ...` to show where the warning was created)
# Subtest: ticket edit fails closed when actor is missing
not ok 1 - ticket edit fails closed when actor is missing
  ---
  duration_ms: 9.329332
  type: 'test'
  location: '/root/worktrees/viq-human-history/test/actor-provenance.test.js:25:1'
  failureType: 'testCodeFailure'
  error: 'Missing expected rejection.'
  code: 'ERR_ASSERTION'
  name: 'AssertionError'
  stack: |-
    async TestContext.<anonymous> (file:///root/worktrees/viq-human-history/test/actor-provenance.test.js:27:3)
    async Test.run (node:internal/test_runner/test:1054:7)
    async startSubtestAfterBootstrap (node:internal/test_runner/harness:296:3)
  ...
# Subtest: ticket edit rejects an unknown actor
not ok 2 - ticket edit rejects an unknown actor
  ---
  duration_ms: 4.481354
  type: 'test'
  location: '/root/worktrees/viq-human-history/test/actor-provenance.test.js:32:1'
  failureType: 'testCodeFailure'
  error: 'Missing expected rejection.'
  code: 'ERR_ASSERTION'
  name: 'AssertionError'
  stack: |-
    async TestContext.<anonymous> (file:///root/worktrees/viq-human-history/test/actor-provenance.test.js:34:3)
    async Test.run (node:internal/test_runner/test:1054:7)
    async Test.processPendingSubtests (node:internal/test_runner/test:744:7)
  ...
# Subtest: ticket edit rejects an inactive actor
not ok 3 - ticket edit rejects an inactive actor
  ---
  duration_ms: 5.525531
  type: 'test'
  location: '/root/worktrees/viq-human-history/test/actor-provenance.test.js:38:1'
  failureType: 'testCodeFailure'
  error: 'Missing expected rejection.'
  code: 'ERR_ASSERTION'
  name: 'AssertionError'
  stack: |-
    async TestContext.<anonymous> (file:///root/worktrees/viq-human-history/test/actor-provenance.test.js:40:3)
    async Test.run (node:internal/test_runner/test:1054:7)
    async Test.processPendingSubtests (node:internal/test_runner/test:744:7)
  ...
# Subtest: valid human edit records the validated canonical actor
not ok 4 - valid human edit records the validated canonical actor
  ---
  duration_ms: 5.589941
  type: 'test'
  location: '/root/worktrees/viq-human-history/test/actor-provenance.test.js:44:1'
  failureType: 'testCodeFailure'
  error: |-
    Expected values to be strictly deep-equal:
    + actual - expected

      [
        [
          'ticket_edited',
    +     'Maks'
    -     'maks'
        ]
      ]

  code: 'ERR_ASSERTION'
  name: 'AssertionError'
  expected:
    0:
      0: 'ticket_edited'
      1: 'maks'
  actual:
    0:
      0: 'ticket_edited'
      1: 'Maks'
  operator: 'deepStrictEqual'
  stack: |-
    TestContext.<anonymous> (file:///root/worktrees/viq-human-history/test/actor-provenance.test.js:48:10)
    async Test.run (node:internal/test_runner/test:1054:7)
    async Test.processPendingSubtests (node:internal/test_runner/test:744:7)
  ...
# Subtest: project move and persisted history retain the validated actor
not ok 5 - project move and persisted history retain the validated actor
  ---
  duration_ms: 6.317858
  type: 'test'
  location: '/root/worktrees/viq-human-history/test/actor-provenance.test.js:51:1'
  failureType: 'testCodeFailure'
  error: |-
    Expected values to be strictly deep-equal:
    + actual - expected

      [
        [
          'ticket_moved',
    +     'MAKS'
    -     'maks'
        ]
      ]

  code: 'ERR_ASSERTION'
  name: 'AssertionError'
  expected:
    0:
      0: 'ticket_moved'
      1: 'maks'
  actual:
    0:
      0: 'ticket_moved'
      1: 'MAKS'
  operator: 'deepStrictEqual'
  stack: |-
    TestContext.<anonymous> (file:///root/worktrees/viq-human-history/test/actor-provenance.test.js:58:10)
    async Test.run (node:internal/test_runner/test:1054:7)
    async Test.processPendingSubtests (node:internal/test_runner/test:744:7)
  ...
1..5
# tests 5
# suites 0
# pass 0
# fail 5
# cancelled 0
# skipped 0
# todo 0
# duration_ms 87.889281

EXIT=1
