TAP version 13
# (node:2365389) ExperimentalWarning: SQLite is an experimental feature and might change at any time
# (Use `node --trace-warnings ...` to show where the warning was created)
# Subtest: board assets expose the four canonical projections without agent controls
ok 1 - board assets expose the four canonical projections without agent controls
  ---
  duration_ms: 870.075332
  type: 'test'
  ...
# Subtest: Markdown rendering preserves useful formatting and escapes executable HTML
ok 2 - Markdown rendering preserves useful formatting and escapes executable HTML
  ---
  duration_ms: 1.167765
  type: 'test'
  ...
# Subtest: reusable modal closes only from backdrop or Escape and restores trigger focus
ok 3 - reusable modal closes only from backdrop or Escape and restores trigger focus
  ---
  duration_ms: 0.369821
  type: 'test'
  ...
# Subtest: project chip left click is exclusive/toggle-All and right click excludes only that project
ok 4 - project chip left click is exclusive/toggle-All and right click excludes only that project
  ---
  duration_ms: 0.647167
  type: 'test'
  ...
# Subtest: project and assignee filters compose, including unassigned tickets
ok 5 - project and assignee filters compose, including unassigned tickets
  ---
  duration_ms: 0.882065
  type: 'test'
  ...
# Subtest: filter chips expose accessible selected state, context-menu exclusion, and empty reset
ok 6 - filter chips expose accessible selected state, context-menu exclusion, and empty reset
  ---
  duration_ms: 31.245557
  type: 'test'
  ...
# Subtest: ticket, question, project, and ticket-create flows share one modal shell
ok 7 - ticket, question, project, and ticket-create flows share one modal shell
  ---
  duration_ms: 1.028761
  type: 'test'
  ...
1..7
# tests 7
# suites 0
# pass 7
# fail 0
# cancelled 0
# skipped 0
# todo 0
# duration_ms 1324.157413

EXIT=0
