TAP version 13
# file:///root/worktrees/viq-human-history/test/human-history-ui.test.js:5
# import { applyTicketFilters, createModalController, selectProject, renderMarkdown } from '../web/ui-core.js';
#          ^^^^^^^^^^^^^^^^^^
# SyntaxError: The requested module '../web/ui-core.js' does not provide an export named 'applyTicketFilters'
#     at ModuleJob._instantiate (node:internal/modules/esm/module_job:226:21)
#     at async ModuleJob.run (node:internal/modules/esm/module_job:335:5)
#     at async onImport.tracePromise.__proto__ (node:internal/modules/esm/loader:665:26)
#     at async asyncRunEntryPointWithESMLoader (node:internal/modules/run_main:117:5)
# Node.js v22.22.2
# Subtest: test/human-history-ui.test.js
not ok 1 - test/human-history-ui.test.js
  ---
  duration_ms: 42.415734
  type: 'test'
  location: '/root/worktrees/viq-human-history/test/human-history-ui.test.js:1:1'
  failureType: 'testCodeFailure'
  exitCode: 1
  signal: ~
  error: 'test failed'
  code: 'ERR_TEST_FAILURE'
  ...
1..1
# tests 1
# suites 0
# pass 0
# fail 1
# cancelled 0
# skipped 0
# todo 0
# duration_ms 49.553199

[VIQ-4 project gestures RED] EXIT=1
TAP version 13
# Subtest: project chip left click is exclusive/toggle-All and right click excludes only that project
ok 1 - project chip left click is exclusive/toggle-All and right click excludes only that project
  ---
  duration_ms: 1.420419
  type: 'test'
  ...
1..1
# tests 1
# suites 0
# pass 1
# fail 0
# cancelled 0
# skipped 0
# todo 0
# duration_ms 61.966129

[VIQ-4 project gestures GREEN] EXIT=0
TAP version 13
# file:///root/worktrees/viq-human-history/test/human-history-ui.test.js:5
# import { applyTicketFilters, createModalController, selectProject, renderMarkdown } from '../web/ui-core.js';
#          ^^^^^^^^^^^^^^^^^^
# SyntaxError: The requested module '../web/ui-core.js' does not provide an export named 'applyTicketFilters'
#     at ModuleJob._instantiate (node:internal/modules/esm/module_job:226:21)
#     at async ModuleJob.run (node:internal/modules/esm/module_job:335:5)
#     at async onImport.tracePromise.__proto__ (node:internal/modules/esm/loader:665:26)
#     at async asyncRunEntryPointWithESMLoader (node:internal/modules/run_main:117:5)
# Node.js v22.22.2
# Subtest: test/human-history-ui.test.js
not ok 1 - test/human-history-ui.test.js
  ---
  duration_ms: 41.675058
  type: 'test'
  location: '/root/worktrees/viq-human-history/test/human-history-ui.test.js:1:1'
  failureType: 'testCodeFailure'
  exitCode: 1
  signal: ~
  error: 'test failed'
  code: 'ERR_TEST_FAILURE'
  ...
1..1
# tests 1
# suites 0
# pass 0
# fail 1
# cancelled 0
# skipped 0
# todo 0
# duration_ms 49.047363

[VIQ-4 composition RED] EXIT=1
TAP version 13
# Subtest: project and assignee filters compose, including unassigned tickets
ok 1 - project and assignee filters compose, including unassigned tickets
  ---
  duration_ms: 1.295242
  type: 'test'
  ...
1..1
# tests 1
# suites 0
# pass 1
# fail 0
# cancelled 0
# skipped 0
# todo 0
# duration_ms 61.299324

[VIQ-4 composition GREEN] EXIT=0
TAP version 13
# Subtest: filter chips expose accessible selected state, context-menu exclusion, and empty reset
not ok 1 - filter chips expose accessible selected state, context-menu exclusion, and empty reset
  ---
  duration_ms: 5.053458
  type: 'test'
  location: '/root/worktrees/viq-human-history/test/human-history-ui.test.js:63:1'
  failureType: 'testCodeFailure'
  error: |-
    The input did not match the regular expression /id="project-chips"/. Input:
    
    '<!doctype html>\n' +
      '<html lang="en"><head><meta charset="utf-8"><meta name="viewport" content="width=device-width,initial-scale=1"><meta name="color-scheme" content="light"><title>viqueue</title><link rel="stylesheet" href="/app.css"><script type="module" src="/app.js"></script></head>\n' +
      '<body><header class="masthead"><div><h1>viqueue</h1><p>A shared queue for people and their workers</p></div><button id="refresh" type="button">Refresh</button></header>\n' +
      '<main><section class="identity"><label for="actor-select">Your name</label><select id="actor-select"><option value="">Choose your name</option></select><p>Choose once so we can show what needs your attention.</p></section>\n' +
      '<section id="inbox-panel" aria-labelledby="inbox-title"><div class="section-head"><div><p class="eyebrow">Your inbox</p><h2 id="inbox-title">Questions for you</h2></div><strong id="inbox-count"></strong></div><div id="inbox-list"><p>Choose your name to see questions waiting for you.</p></div></section>\n' +
      '<section class="overview"><div><p class="eyebrow">Overview</p><h2>All tickets</h2></div><label>Project view<select id="project-select"><option value="">All projects</option></select></label></section>\n' +
      '<div class="create-actions"><button id="open-project-create" type="button" class="secondary">Create project</button><button id="open-ticket-create" type="button">Create ticket</button></div>\n' +
      '<p id="status" role="status" aria-live="polite">Loading tickets…</p>\n' +
      '<nav id="state-tabs" class="state-tabs" role="tablist" aria-label="Ticket state"><button role="tab" data-tab="ready" aria-selected="true">Ready <span>0</span></button><button role="tab" data-tab="working" aria-selected="false">Working <span>0</span></button><button role="tab" data-tab="review" aria-selected="false">Review <span>0</span></button><button role="tab" data-tab="done" aria-selected="false">Done <span>0</span></button></nav><section id="board" class="board"></section></main>\n' +
      '<dialog id="modal" aria-labelledby="modal-title"><div class="dialog-head"><div><p id="modal-eyebrow" class="eyebrow"></p><h2 id="modal-title">viqueue</h2></div><button id="close-modal" type="button" class="secondary">Close</button></div><div id="modal-content"></div></dialog>\n' +
      '</body></html>\n'
    
  code: 'ERR_ASSERTION'
  name: 'AssertionError'
  expected:
  actual: |-
    <!doctype html>
    <html lang="en"><head><meta charset="utf-8"><meta name="viewport" content="width=device-width,initial-scale=1"><meta name="color-scheme" content="light"><title>viqueue</title><link rel="stylesheet" href="/app.css"><script type="module" src="/app.js"></script></head>
    <body><header class="masthead"><div><h1>viqueue</h1><p>A shared queue for people and their workers</p></div><button id="refresh" type="button">Refresh</button></header>
    <main><section class="identity"><label for="actor-select">Your name</label><select id="actor-select"><option value="">Choose your name</option></select><p>Choose once so we can show what needs your attention.</p></section>
    <section id="inbox-panel" aria-labelledby="inbox-title"><div class="section-head"><div><p class="eyebrow">Your inbox</p><h2 id="inbox-title">Questions for you</h2></div><strong id="inbox-count"></strong></div><div id="inbox-list"><p>Choose your name to see questions waiting for you.</p></div></section>
    <section class="overview"><div><p class="eyebrow">Overview</p><h2>All tickets</h2></div><label>Project view<select id="project-select"><option value="">All projects</option></select></label></section>
    <div class="create-actions"><button id="open-project-create" type="button" class="secondary">Create project</button><button id="open-ticket-create" type="button">Create ticket</button></div>
    <p id="status" role="status" aria-live="polite">Loading tickets…</p>
    <nav id="state-tabs" class="state-tabs" role="tablist" aria-label="Ticket state"><button role="tab" data-tab="ready" aria-selected="true">Ready <span>0</span></button><button role="tab" data-tab="working" aria-selected="false">Working <span>0</span></button><button role="tab" data-tab="review" aria-selected="false">Review <span>0</span></button><button role="tab" data-tab="done" aria-selected="false">Done <span>0</span></button></nav><section id="board" class="board"></section></main>
    <dialog id="modal" aria-labelledby="modal-title"><div class="dialog-head"><div><p id="modal-eyebrow" class="eyebrow"></p><h2 id="modal-title">viqueue</h2></div><button id="close-modal" type="button" class="secondary">Close</button></div><div id="modal-content"></div></dialog>
    </body></html>
    
  operator: 'match'
  stack: |-
    TestContext.<anonymous> (file:///root/worktrees/viq-human-history/test/human-history-ui.test.js:65:81)
    async Test.run (node:internal/test_runner/test:1054:7)
    async startSubtestAfterBootstrap (node:internal/test_runner/harness:296:3)
  ...
1..1
# tests 1
# suites 0
# pass 0
# fail 1
# cancelled 0
# skipped 0
# todo 0
# duration_ms 66.213293

[VIQ-4 chip UI RED] EXIT=1
TAP version 13
# Subtest: filter chips expose accessible selected state, context-menu exclusion, and empty reset
not ok 1 - filter chips expose accessible selected state, context-menu exclusion, and empty reset
  ---
  duration_ms: 7.617282
  type: 'test'
  location: '/root/worktrees/viq-human-history/test/human-history-ui.test.js:63:1'
  failureType: 'testCodeFailure'
  error: |-
    The input did not match the regular expression /No tickets match these filters/. Input:
    
    "import { applyTicketFilters, createModalController, renderMarkdown, selectProject } from './ui-core.js';\n" +
      '\n' +
      'const $ = (selector) => document.querySelector(selector);\n' +
      "const state = { projects: [], tickets: [], actors: [], roles: [], active: 'ready', inbox: [], selectedProjects: new Set(), selectedAssignees: new Set(), filtersReady: false };\n" +
      "const columns = [['ready', 'Ready'], ['working', 'Working'], ['review', 'Review'], ['done', 'Done']];\n" +
      "const modal = createModalController($('#modal'));\n" +
      '\n' +
      'async function request(path, options = {}) {\n' +
      "  const response = await fetch(path, { headers: { 'content-type': 'application/json', ...(options.headers || {}) }, ...options });\n" +
      '  const text = await response.text();\n' +
      '  const body = text ? JSON.parse(text) : null;\n' +
      '  if (!response.ok) throw new Error(body?.error?.message || `Request failed (${response.status})`);\n' +
      '  return body;\n' +
      '}\n' +
      "const actorId = () => $('#actor-select').value;\n" +
      'const actorName = (id) => state.actors.find((actor) => actor.id === id)?.name || id;\n' +
      "const roleName = (id) => state.roles.find((role) => role.id === id)?.name || 'Assigned group';\n" +
      "const assigneeName = (assignee) => assignee?.type === 'actor' ? actorName(assignee.id) : assignee?.type === 'role' ? roleName(assignee.id) : 'Unassigned';\n" +
      "const projection = (ticket) => ticket.state === 'open' ? (ticket.claim ? 'working' : 'ready') : ticket.state;\n" +
      "const stateName = (ticket) => ({ ready: 'Ready', working: 'Working', review: 'Awaiting review', done: 'Done' })[projection(ticket)];\n" +
      "function report(error) { $('#status').textContent = `Something went wrong: ${error.message}`; }\n" +
      'function safely(handler) { return async (event) => { try { await handler(event); } catch (error) { report(error); } }; }\n' +
      "function markdownElement(tag, text, className = '') { const element = document.createElement(tag); element.className = className; element.innerHTML = renderMarkdown(text); return element; }\n" +
      "function openModal({ title, eyebrow = '', content, trigger, initialFocus }) {\n" +
      "  $('#modal-title').textContent = title;\n" +
      "  $('#modal-eyebrow').textContent = eyebrow;\n" +
      "  $('#modal-content').replaceChildren(content);\n" +
      '  modal.open({ trigger, initialFocus });\n' +
      '}\n' +
      '\n' +
      'const visibleTickets = () => applyTicketFilters(state.tickets, state.selectedProjects, state.selectedAssignees);\n' +
      'function resetFilters() { state.selectedProjects = new Set(state.projects.map((project) => project.key)); state.selectedAssignees.clear(); renderFilters(); renderBoard(); }\n' +
      'function chip(label, pressed, action) {\n' +
      "  const button = document.createElement('button'); button.type = 'button'; button.className = 'filter-chip'; button.textContent = label; button.setAttribute('aria-pressed', String(pressed));\n" +
      "  button.addEventListener('click', action); return button;\n" +
      '}\n' +
      'function renderFilters() {\n' +
      "  const keys = state.projects.map((project) => project.key); const projects = $('#project-chips'); projects.replaceChildren();\n" +
      "  projects.append(chip('All', state.selectedProjects.size === keys.length, () => { state.selectedProjects = new Set(keys); renderFilters(); renderBoard(); }));\n" +
      '  for (const key of keys) {\n' +
      "    const button = chip(key, state.selectedProjects.has(key), () => { state.selectedProjects = selectProject(keys, state.selectedProjects, key, 'exclusive'); renderFilters(); renderBoard(); });\n" +
      "    button.classList.toggle('excluded', !state.selectedProjects.has(key));\n" +
      "    button.addEventListener('contextmenu', (event) => { event.preventDefault(); state.selectedProjects = selectProject(keys, state.selectedProjects, key, 'exclude'); renderFilters(); renderBoard(); });\n" +
      "    button.addEventListener('keydown', (event) => { if (event.shiftKey && ['Enter', ' '].includes(event.key)) { event.preventDefault(); state.selectedProjects = selectProject(keys, state.selectedProjects, key, 'exclude'); renderFilters(); renderBoard(); } });\n" +
      '    projects.append(button);\n' +
      '  }\n' +
      "  const assignees = new Map(state.tickets.map((ticket) => [ticket.assignee ? `${ticket.assignee.type}:${ticket.assignee.id}` : 'none', assigneeName(ticket.assignee)]));\n" +
      "  const row = $('#assignee-chips'); row.replaceChildren(chip('All assignees', state.selectedAssignees.size === 0, () => { state.selectedAssignees.clear(); renderFilters(); renderBoard(); }));\n" +
      '  for (const [key, label] of [...assignees].sort((a, b) => a[1].localeCompare(b[1]))) row.append(chip(label, state.selectedAssignees.has(key), () => { state.selectedAssignees.has(key) ? state.selectedAssignees.delete(key) : state.selectedAssignees.add(key); renderFilters(); renderBoard(); }));\n' +
      '}\n' +
      'function renderBoard() {\n' +
      "  const visible = visibleTickets(); const board = $('#board'); board.replaceChildren();\n" +
      "  $('#filter-empty').hidden = visible.length !== 0; $('#status').textContent = `${visible.length} tickets shown`;\n" +
      '  for (const [key, label] of columns) {\n' +
      "    const section = document.createElement('section'); section.className = 'column'; section.dataset.column = key;\n" +
      '    const tickets = visible.filter((ticket) => projection(ticket) === key);\n' +
      '    section.innerHTML = `<h3>${label} <span>${tickets.length}</span></h3>`;\n' +
      '    for (const ticket of tickets) {\n' +
      "      const card = document.createElement('button'); card.type = 'button'; card.className = 'ticket-card'; card.dataset.id = ticket.id;\n" +
      "      card.innerHTML = '<small></small><strong></strong><span></span>';\n" +
      '      card.children[0].textContent = ticket.id; card.children[1].textContent = ticket.title; card.children[2].textContent = `${assigneeName(ticket.assignee)} · ${stateName(ticket)}`;\n' +
      "      card.addEventListener('click', safely(async () => showDetail(ticket.id, card))); section.append(card);\n" +
      '    }\n' +
      `    if (!tickets.length) section.insertAdjacentHTML('beforeend', '<p class="empty">Nothing here</p>');\n` +
      "    section.hidden = matchMedia('(max-width:600px)').matches && key !== state.active; board.append(section);\n" +
      '    document.querySelector(`[data-tab="${key}"] span`).textContent = tickets.length;\n' +
      '  }\n' +
      '}\n' +
      '\n' +
      'function openAnswer(question, trigger) {\n' +
      "  if (!actorId()) throw new Error('Choose your name before answering');\n" +
      "  const form = document.createElement('form'); form.className = 'modal-form answer-form'; form.dataset.ticket = question.ticket_id; form.dataset.question = question.id;\n" +
      "  form.append(markdownElement('div', question.text, 'markdown question-markdown'));\n" +
      `  if (question.kind === 'text') form.insertAdjacentHTML('beforeend', '<label>Your answer (Markdown)<textarea name="answer" required rows="5"></textarea></label><button>Send answer</button>');\n` +
      `  else form.insertAdjacentHTML('beforeend', '<label>Note (optional, Markdown)<textarea name="note" rows="4"></textarea></label><div class="form-actions"><button name="decision" value="accept">Accept work</button><button class="secondary" name="decision" value="request_changes">Request changes</button></div>');\n` +
      "  form.addEventListener('submit', safely(async (event) => {\n" +
      '    event.preventDefault(); const data = Object.fromEntries(new FormData(form)); const decision = event.submitter?.value;\n' +
      "    await request(`/v1/tickets/${question.ticket_id}/questions/${question.id}/answer`, { method: 'POST', body: JSON.stringify({ actor: actorId(), ...(decision ? { decision, note: data.note } : { answer: data.answer }) }) });\n" +
      "    modal.close(); await refresh(); $('#status').textContent = decision === 'accept' ? 'Work accepted' : decision === 'request_changes' ? 'Changes requested' : 'Answer sent';\n" +
      '  }));\n' +
      "  openModal({ title: question.kind === 'approval' ? 'Review request' : 'Answer question', eyebrow: question.ticket_id, content: form, trigger, initialFocus: form.querySelector('textarea') });\n" +
      '}\n' +
      '\n' +
      'function answerCard(question) {\n' +
      '  const ticket = state.tickets.find((item) => item.id === question.ticket_id);\n' +
      "  const article = document.createElement('article'); article.className = 'question-card'; article.tabIndex = 0; article.setAttribute('role', 'button');\n" +
      `  article.innerHTML = '<small></small><h3></h3><div class="markdown"></div>';\n` +
      "  article.querySelector('small').textContent = question.kind === 'approval' ? 'Review requested' : `Question · ${question.ticket_id}`;\n" +
      "  article.querySelector('h3').textContent = ticket?.title || question.ticket_id; article.querySelector('.markdown').innerHTML = renderMarkdown(question.text);\n" +
      "  article.addEventListener('click', () => openAnswer(question, article));\n" +
      "  article.addEventListener('keydown', (event) => { if (['Enter', ' '].includes(event.key)) { event.preventDefault(); openAnswer(question, article); } });\n" +
      '  return article;\n' +
      '}\n' +
      '\n' +
      'async function refreshInbox() {\n' +
      '  const actor = actorId(); state.inbox = actor ? (await request(`/v1/actors/${encodeURIComponent(actor)}/inbox?after=0`)).questions : [];\n' +
      "  const list = $('#inbox-list');\n" +
      "  if (!actor) { $('#inbox-count').textContent = ''; list.replaceChildren(Object.assign(document.createElement('p'), { textContent: 'Choose your name to see questions waiting for you.' })); }\n" +
      "  else if (!state.inbox.length) { $('#inbox-count').textContent = 'All clear'; list.replaceChildren(Object.assign(document.createElement('p'), { textContent: 'Nothing needs your answer. New questions will appear here.' })); }\n" +
      "  else { $('#inbox-count').textContent = `${state.inbox.length} ${state.inbox.length === 1 ? 'question needs' : 'questions need'} your answer`; list.replaceChildren(...state.inbox.map(answerCard)); }\n" +
      '}\n' +
      '\n' +
      'async function refresh(preferred = null) {\n' +
      "  [state.actors, state.roles, state.projects] = await Promise.all([request('/v1/actors?active=true').then((body) => body.actors), request('/v1/roles').then((body) => body.roles), request('/v1/projects').then((body) => body.projects)]);\n" +
      "  const identity = actorId() || localStorage.getItem('viq.actor') || '';\n" +
      "  $('#actor-select').replaceChildren(new Option('Choose your name', ''), ...state.actors.filter((actor) => actor.kind === 'human').map((actor) => new Option(actor.name, actor.id)));\n" +
      "  $('#actor-select').value = state.actors.some((actor) => actor.id === identity && actor.kind === 'human') ? identity : '';\n" +
      '  const keys = state.projects.map((project) => project.key);\n' +
      '  if (!state.filtersReady) { state.sel'... 5871 more characters
    
  code: 'ERR_ASSERTION'
  name: 'AssertionError'
  expected:
  actual: |-
    import { applyTicketFilters, createModalController, renderMarkdown, selectProject } from './ui-core.js';
    
    const $ = (selector) => document.querySelector(selector);
    const state = { projects: [], tickets: [], actors: [], roles: [], active: 'ready', inbox: [], selectedProjects: new Set(), selectedAssignees: new Set(), filtersReady: false };
    const columns = [['ready', 'Ready'], ['working', 'Working'], ['review', 'Review'], ['done', 'Done']];
    const modal = createModalController($('#modal'));
    
    async function request(path, options = {}) {
      const response = await fetch(path, { headers: { 'content-type': 'application/json', ...(options.headers || {}) }, ...options });
      const text = await response.text();
      const body = text ? JSON.parse(text) : null;
      if (!response.ok) throw new Error(body?.error?.message || `Request failed (${response.status})`);
      return body;
    }
    const actorId = () => $('#actor-select').value;
    const actorName = (id) => state.actors.find((actor) => actor.id === id)?.name || id;
    const roleName = (id) => state.roles.find((role) => role.id === id)?.name || 'Assigned group';
    const assigneeName = (assignee) => assignee?.type === 'actor' ? actorName(assignee.id) : assignee?.type === 'role' ? roleName(assignee.id) : 'Unassigned';
    const projection = (ticket) => ticket.state === 'open' ? (ticket.claim ? 'working' : 'ready') : ticket.state;
    const stateName = (ticket) => ({ ready: 'Ready', working: 'Working', review: 'Awaiting review', done: 'Done' })[projection(ticket)];
    function report(error) { $('#status').textContent = `Something went wrong: ${error.message}`; }
    function safely(handler) { return async (event) => { try { await handler(event); } catch (error) { report(error); } }; }
    function markdownElement(tag, text, className = '') { const element = document.createElement(tag); element.className = className; element.innerHTML = renderMarkdown(text); return element; }
    function openModal({ title, eyebrow = '', content, trigger, initialFocus }) {
      $('#modal-title').textContent = title;
      $('#modal-eyebrow').textContent = eyebrow;
      $('#modal-content').replaceChildren(content);
      modal.open({ trigger, initialFocus });
    }
    
    const visibleTickets = () => applyTicketFilters(state.tickets, state.selectedProjects, state.selectedAssignees);
    function resetFilters() { state.selectedProjects = new Set(state.projects.map((project) => project.key)); state.selectedAssignees.clear(); renderFilters(); renderBoard(); }
    function chip(label, pressed, action) {
      const button = document.createElement('button'); button.type = 'button'; button.className = 'filter-chip'; button.textContent = label; button.setAttribute('aria-pressed', String(pressed));
      button.addEventListener('click', action); return button;
    }
    function renderFilters() {
      const keys = state.projects.map((project) => project.key); const projects = $('#project-chips'); projects.replaceChildren();
      projects.append(chip('All', state.selectedProjects.size === keys.length, () => { state.selectedProjects = new Set(keys); renderFilters(); renderBoard(); }));
      for (const key of keys) {
        const button = chip(key, state.selectedProjects.has(key), () => { state.selectedProjects = selectProject(keys, state.selectedProjects, key, 'exclusive'); renderFilters(); renderBoard(); });
        button.classList.toggle('excluded', !state.selectedProjects.has(key));
        button.addEventListener('contextmenu', (event) => { event.preventDefault(); state.selectedProjects = selectProject(keys, state.selectedProjects, key, 'exclude'); renderFilters(); renderBoard(); });
        button.addEventListener('keydown', (event) => { if (event.shiftKey && ['Enter', ' '].includes(event.key)) { event.preventDefault(); state.selectedProjects = selectProject(keys, state.selectedProjects, key, 'exclude'); renderFilters(); renderBoard(); } });
        projects.append(button);
      }
      const assignees = new Map(state.tickets.map((ticket) => [ticket.assignee ? `${ticket.assignee.type}:${ticket.assignee.id}` : 'none', assigneeName(ticket.assignee)]));
      const row = $('#assignee-chips'); row.replaceChildren(chip('All assignees', state.selectedAssignees.size === 0, () => { state.selectedAssignees.clear(); renderFilters(); renderBoard(); }));
      for (const [key, label] of [...assignees].sort((a, b) => a[1].localeCompare(b[1]))) row.append(chip(label, state.selectedAssignees.has(key), () => { state.selectedAssignees.has(key) ? state.selectedAssignees.delete(key) : state.selectedAssignees.add(key); renderFilters(); renderBoard(); }));
    }
    function renderBoard() {
      const visible = visibleTickets(); const board = $('#board'); board.replaceChildren();
      $('#filter-empty').hidden = visible.length !== 0; $('#status').textContent = `${visible.length} tickets shown`;
      for (const [key, label] of columns) {
        const section = document.createElement('section'); section.className = 'column'; section.dataset.column = key;
        const tickets = visible.filter((ticket) => projection(ticket) === key);
        section.innerHTML = `<h3>${label} <span>${tickets.length}</span></h3>`;
        for (const ticket of tickets) {
          const card = document.createElement('button'); card.type = 'button'; card.className = 'ticket-card'; card.dataset.id = ticket.id;
          card.innerHTML = '<small></small><strong></strong><span></span>';
          card.children[0].textContent = ticket.id; card.children[1].textContent = ticket.title; card.children[2].textContent = `${assigneeName(ticket.assignee)} · ${stateName(ticket)}`;
          card.addEventListener('click', safely(async () => showDetail(ticket.id, card))); section.append(card);
        }
        if (!tickets.length) section.insertAdjacentHTML('beforeend', '<p class="empty">Nothing here</p>');
        section.hidden = matchMedia('(max-width:600px)').matches && key !== state.active; board.append(section);
        document.querySelector(`[data-tab="${key}"] span`).textContent = tickets.length;
      }
    }
    
    function openAnswer(question, trigger) {
      if (!actorId()) throw new Error('Choose your name before answering');
      const form = document.createElement('form'); form.className = 'modal-form answer-form'; form.dataset.ticket = question.ticket_id; form.dataset.question = question.id;
      form.append(markdownElement('div', question.text, 'markdown question-markdown'));
      if (question.kind === 'text') form.insertAdjacentHTML('beforeend', '<label>Your answer (Markdown)<textarea name="answer" required rows="5"></textarea></label><button>Send answer</button>');
      else form.insertAdjacentHTML('beforeend', '<label>Note (optional, Markdown)<textarea name="note" rows="4"></textarea></label><div class="form-actions"><button name="decision" value="accept">Accept work</button><button class="secondary" name="decision" value="request_changes">Request changes</button></div>');
      form.addEventListener('submit', safely(async (event) => {
        event.preventDefault(); const data = Object.fromEntries(new FormData(form)); const decision = event.submitter?.value;
        await request(`/v1/tickets/${question.ticket_id}/questions/${question.id}/answer`, { method: 'POST', body: JSON.stringify({ actor: actorId(), ...(decision ? { decision, note: data.note } : { answer: data.answer }) }) });
        modal.close(); await refresh(); $('#status').textContent = decision === 'accept' ? 'Work accepted' : decision === 'request_changes' ? 'Changes requested' : 'Answer sent';
      }));
      openModal({ title: question.kind === 'approval' ? 'Review request' : 'Answer question', eyebrow: question.ticket_id, content: form, trigger, initialFocus: form.querySelector('textarea') });
    }
    
    function answerCard(question) {
      const ticket = state.tickets.find((item) => item.id === question.ticket_id);
      const article = document.createElement('article'); article.className = 'question-card'; article.tabIndex = 0; article.setAttribute('role', 'button');
      article.innerHTML = '<small></small><h3></h3><div class="markdown"></div>';
      article.querySelector('small').textContent = question.kind === 'approval' ? 'Review requested' : `Question · ${question.ticket_id}`;
      article.querySelector('h3').textContent = ticket?.title || question.ticket_id; article.querySelector('.markdown').innerHTML = renderMarkdown(question.text);
      article.addEventListener('click', () => openAnswer(question, article));
      article.addEventListener('keydown', (event) => { if (['Enter', ' '].includes(event.key)) { event.preventDefault(); openAnswer(question, article); } });
      return article;
    }
    
    async function refreshInbox() {
      const actor = actorId(); state.inbox = actor ? (await request(`/v1/actors/${encodeURIComponent(actor)}/inbox?after=0`)).questions : [];
      const list = $('#inbox-list');
      if (!actor) { $('#inbox-count').textContent = ''; list.replaceChildren(Object.assign(document.createElement('p'), { textContent: 'Choose your name to see questions waiting for you.' })); }
      else if (!state.inbox.length) { $('#inbox-count').textContent = 'All clear'; list.replaceChildren(Object.assign(document.createElement('p'), { textContent: 'Nothing needs your answer. New questions will appear here.' })); }
      else { $('#inbox-count').textContent = `${state.inbox.length} ${state.inbox.length === 1 ? 'question needs' : 'questions need'} your answer`; list.replaceChildren(...state.inbox.map(answerCard)); }
    }
    
    async function refresh(preferred = null) {
      [state.actors, state.roles, state.projects] = await Promise.all([request('/v1/actors?active=true').then((body) => body.actors), request('/v1/roles').then((body) => body.roles), request('/v1/projects').then((body) => body.projects)]);
      const identity = actorId() || localStorage.getItem('viq.actor') || '';
      $('#actor-select').replaceChildren(new Option('Choose your name', ''), ...state.actors.filter((actor) => actor.kind === 'human').map((actor) => new Option(actor.name, actor.id)));
      $('#actor-select').value = state.actors.some((actor) => actor.id === identity && actor.kind === 'human') ? identity : '';
      const keys = state.projects.map((project) => project.key);
      if (!state.filtersReady) { state.selectedProjects = new Set(keys); state.filtersReady = true; }
      else state.selectedProjects = new Set([...state.selectedProjects].filter((key) => keys.includes(key)));
      if (preferred) state.selectedProjects = new Set([preferred]);
      state.tickets = (await Promise.all(state.projects.map((project) => request(`/v1/projects/${encodeURIComponent(project.key)}/tickets`)))).flatMap((body) => body.tickets);
      renderFilters(); renderBoard(); await refreshInbox(); $('#status').textContent = `${visibleTickets().length} tickets shown`;
    }
    
    async function showDetail(id, trigger) {
      const [{ ticket }, { questions }, { events }] = await Promise.all([request(`/v1/tickets/${id}`), request(`/v1/tickets/${id}/questions`), request(`/v1/events?ticket=${id}`)]);
      const content = document.createElement('div'); content.className = 'ticket-detail';
      content.append(markdownElement('div', ticket.body || 'No additional context.', 'detail-body markdown'));
      const facts = document.createElement('dl'); facts.className = 'ticket-facts';
      const fact = (term, value) => { const box = document.createElement('div'); const dt = document.createElement('dt'); const dd = document.createElement('dd'); dt.textContent = term; dd.textContent = value; box.append(dt, dd); return box; };
      if (ticket.assignee) facts.append(fact(ticket.assignee.type === 'role' ? 'Eligible group' : 'Assigned person', assigneeName(ticket.assignee)));
      if (ticket.claim) facts.append(fact('Worker', actorName(ticket.claim.actor)));
      facts.append(fact('Status', stateName(ticket))); content.append(facts);
      const timeline = document.createElement('section'); timeline.innerHTML = '<h3>History</h3>'; const list = document.createElement('ol'); list.className = 'detail-questions';
      const questionByEvent = new Map(questions.map((question) => [question.id, question]));
      for (const event of events) {
        const question = questionByEvent.get(event.metadata?.question_id);
        if (!question || event.type !== 'question_asked') continue;
        const item = document.createElement('li'); item.className = 'ticket-question'; item.tabIndex = question.status === 'open' ? 0 : -1;
        item.append(markdownElement('strong', question.text, 'markdown'));
        const answer = document.createElement('div'); answer.className = 'markdown muted';
        if (!question.answer) answer.textContent = 'Waiting for an answer'; else if (question.kind === 'approval') { try { const result = JSON.parse(question.answer); answer.innerHTML = renderMarkdown(`${result.decision === 'accept' ? 'Accepted' : 'Changes requested'}${result.note ? ` — ${result.note}` : ''}`); } catch { answer.innerHTML = renderMarkdown(question.answer); } } else answer.innerHTML = renderMarkdown(`Answered: ${question.answer}`);
        item.append(answer);
        if (question.status === 'open') { item.setAttribute('role', 'button'); item.addEventListener('click', () => openAnswer(question, item)); item.addEventListener('keydown', (event) => { if (['Enter', ' '].includes(event.key)) openAnswer(question, item); }); }
        list.append(item);
      }
      if (!list.children.length) list.append(Object.assign(document.createElement('li'), { textContent: 'No questions have been asked.' })); timeline.append(list); content.append(timeline);
      openModal({ title: ticket.title, eyebrow: ticket.id, content, trigger });
    }
    
    function openProjectCreate(trigger) {
      const form = document.createElement('form'); form.className = 'modal-form'; form.innerHTML = '<label>Project key<input name="key" required pattern="[A-Za-z][A-Za-z0-9]{1,9}" autocomplete="off"></label><button>Create project</button>';
      form.addEventListener('submit', safely(async (event) => { event.preventDefault(); const result = await request('/v1/projects', { method: 'POST', body: JSON.stringify(Object.fromEntries(new FormData(form))) }); modal.close(); await refresh(result.project.key); }));
      openModal({ title: 'Create project', content: form, trigger, initialFocus: form.elements.key });
    }
    function openTicketCreate(trigger) {
      const form = document.createElement('form'); form.className = 'modal-form'; form.innerHTML = '<label>Project<select name="project" required></select></label><label>Ticket title<input name="title" required></label><label>Context (Markdown)<textarea name="body" rows="5"></textarea></label><button>Create ticket</button>';
      form.elements.project.replaceChildren(new Option('Choose a project', ''), ...state.projects.map((project) => new Option(project.key, project.key))); const exclusive = [...state.selectedProjects]; form.elements.project.value = exclusive.length === 1 ? exclusive[0] : '';
      form.addEventListener('submit', safely(async (event) => { event.preventDefault(); const data = Object.fromEntries(new FormData(form)); await request('/v1/tickets', { method: 'POST', body: JSON.stringify(data) }); modal.close(); await refresh(data.project); }));
      openModal({ title: 'Create ticket', content: form, trigger, initialFocus: state.project ? form.elements.title : form.elements.project });
    }
    
    $('#close-modal').addEventListener('click', () => modal.close());
    $('#refresh').addEventListener('click', safely(async () => refresh()));
    $('#actor-select').addEventListener('change', safely(async (event) => { localStorage.setItem('viq.actor', event.target.value); await refreshInbox(); }));
    $('#reset-filters').addEventListener('click', resetFilters);
    $('#state-tabs').addEventListener('click', (event) => { const tab = event.target.closest('[data-tab]'); if (!tab) return; state.active = tab.dataset.tab; document.querySelectorAll('[role=tab]').forEach((item) => item.setAttribute('aria-selected', String(item === tab))); renderBoard(); });
    $('#open-project-create').addEventListener('click', (event) => openProjectCreate(event.currentTarget));
    $('#open-ticket-create').addEventListener('click', (event) => openTicketCreate(event.currentTarget));
    refresh().catch(report);
    
  operator: 'match'
  stack: |-
    TestContext.<anonymous> (file:///root/worktrees/viq-human-history/test/human-history-ui.test.js:69:10)
    async Test.run (node:internal/test_runner/test:1054:7)
    async startSubtestAfterBootstrap (node:internal/test_runner/harness:296:3)
  ...
1..1
# tests 1
# suites 0
# pass 0
# fail 1
# cancelled 0
# skipped 0
# todo 0
# duration_ms 111.352794

[VIQ-4 chip UI GREEN attempt] EXIT=1
TAP version 13
# Subtest: filter chips expose accessible selected state, context-menu exclusion, and empty reset
ok 1 - filter chips expose accessible selected state, context-menu exclusion, and empty reset
  ---
  duration_ms: 5.246215
  type: 'test'
  ...
1..1
# tests 1
# suites 0
# pass 1
# fail 0
# cancelled 0
# skipped 0
# todo 0
# duration_ms 70.400093

[VIQ-4 chip UI GREEN] EXIT=0
