TAP version 13
# (node:2367826) ExperimentalWarning: SQLite is an experimental feature and might change at any time
# (Use `node --trace-warnings ...` to show where the warning was created)
# Subtest: accepted v0.3 SQLite migrates in place idempotently and preserves assignments claims events restart
not ok 1 - accepted v0.3 SQLite migrates in place idempotently and preserves assignments claims events restart
  ---
  duration_ms: 7.635219
  type: 'test'
  location: '/root/worktrees/viq-human-history/test/migration-alpha.test.js:2:1'
  failureType: 'testCodeFailure'
  error: |-
    Expected values to be strictly equal:
    + actual - expected
    
    + undefined
    - null
    
  code: 'ERR_ASSERTION'
  name: 'AssertionError'
  expected: ~
  operator: 'strictEqual'
  stack: |-
    TestContext.<anonymous> (file:///root/worktrees/viq-human-history/test/migration-alpha.test.js:2:1742)
    async Test.run (node:internal/test_runner/test:1054:7)
    async startSubtestAfterBootstrap (node:internal/test_runner/harness:296:3)
  ...
1..1
# tests 1
# suites 0
# pass 0
# fail 1
# cancelled 0
# skipped 0
# todo 0
# duration_ms 68.717829

[VIQ-5 migration RED] EXIT=1
TAP version 13
# (node:2368104) ExperimentalWarning: SQLite is an experimental feature and might change at any time
# (Use `node --trace-warnings ...` to show where the warning was created)
# Subtest: accepted v0.3 SQLite migrates in place idempotently and preserves assignments claims events restart
ok 1 - accepted v0.3 SQLite migrates in place idempotently and preserves assignments claims events restart
  ---
  duration_ms: 10.256574
  type: 'test'
  ...
1..1
# tests 1
# suites 0
# pass 1
# fail 0
# cancelled 0
# skipped 0
# todo 0
# duration_ms 68.812454

[VIQ-5 migration GREEN] EXIT=0
TAP version 13
# (node:2368367) ExperimentalWarning: SQLite is an experimental feature and might change at any time
# (Use `node --trace-warnings ...` to show where the warning was created)
# Subtest: human edits every ticket field while assignment remains distinct from the active claim
not ok 1 - human edits every ticket field while assignment remains distinct from the active claim
  ---
  duration_ms: 9.911975
  type: 'test'
  location: '/root/worktrees/viq-human-history/test/domain.test.js:132:1'
  failureType: 'testCodeFailure'
  error: |-
    Expected values to be strictly equal:
    
    'ABC' !== 'XYZ'
    
  code: 'ERR_ASSERTION'
  name: 'AssertionError'
  expected: 'XYZ'
  actual: 'ABC'
  operator: 'strictEqual'
  stack: |-
    TestContext.<anonymous> (file:///root/worktrees/viq-human-history/test/domain.test.js:138:10)
    async Test.run (node:internal/test_runner/test:1054:7)
    async startSubtestAfterBootstrap (node:internal/test_runner/harness:296:3)
  ...
1..1
# tests 1
# suites 0
# pass 0
# fail 1
# cancelled 0
# skipped 0
# todo 0
# duration_ms 65.056741

[VIQ-5 all-field edit RED] EXIT=1
TAP version 13
# (node:2368735) ExperimentalWarning: SQLite is an experimental feature and might change at any time
# (Use `node --trace-warnings ...` to show where the warning was created)
# Subtest: human edits every ticket field while assignment remains distinct from the active claim
ok 1 - human edits every ticket field while assignment remains distinct from the active claim
  ---
  duration_ms: 10.366707
  type: 'test'
  ...
1..1
# tests 1
# suites 0
# pass 1
# fail 0
# cancelled 0
# skipped 0
# todo 0
# duration_ms 68.510085

[VIQ-5 all-field edit GREEN] EXIT=0
TAP version 13
# (node:2369020) ExperimentalWarning: SQLite is an experimental feature and might change at any time
# (Use `node --trace-warnings ...` to show where the warning was created)
# Subtest: human direct state changes fence claims and progress stays in the ticket event chronology
not ok 1 - human direct state changes fence claims and progress stays in the ticket event chronology
  ---
  duration_ms: 8.926605
  type: 'test'
  location: '/root/worktrees/viq-human-history/test/domain.test.js:149:1'
  failureType: 'testCodeFailure'
  error: 'store.setTicketState is not a function'
  code: 'ERR_TEST_FAILURE'
  name: 'TypeError'
  stack: |-
    TestContext.<anonymous> (file:///root/worktrees/viq-human-history/test/domain.test.js:152:30)
    async Test.run (node:internal/test_runner/test:1054:7)
    async startSubtestAfterBootstrap (node:internal/test_runner/harness:296:3)
  ...
1..1
# tests 1
# suites 0
# pass 0
# fail 1
# cancelled 0
# skipped 0
# todo 0
# duration_ms 70.213877

[VIQ-5 state/progress RED] EXIT=1
TAP version 13
# (node:2369378) ExperimentalWarning: SQLite is an experimental feature and might change at any time
# (Use `node --trace-warnings ...` to show where the warning was created)
# Subtest: human direct state changes fence claims and progress stays in the ticket event chronology
ok 1 - human direct state changes fence claims and progress stays in the ticket event chronology
  ---
  duration_ms: 10.42695
  type: 'test'
  ...
1..1
# tests 1
# suites 0
# pass 1
# fail 0
# cancelled 0
# skipped 0
# todo 0
# duration_ms 65.299151

[VIQ-5 state/progress GREEN] EXIT=0
TAP version 13
# (node:2369561) ExperimentalWarning: SQLite is an experimental feature and might change at any time
# (Use `node --trace-warnings ...` to show where the warning was created)
# Subtest: archive is reversible while confirmed delete tombstones without erasing history
not ok 1 - archive is reversible while confirmed delete tombstones without erasing history
  ---
  duration_ms: 8.249766
  type: 'test'
  location: '/root/worktrees/viq-human-history/test/domain.test.js:164:1'
  failureType: 'testCodeFailure'
  error: 'store.archiveTicket is not a function'
  code: 'ERR_TEST_FAILURE'
  name: 'TypeError'
  stack: |-
    TestContext.<anonymous> (file:///root/worktrees/viq-human-history/test/domain.test.js:166:32)
    async Test.run (node:internal/test_runner/test:1054:7)
    async startSubtestAfterBootstrap (node:internal/test_runner/harness:296:3)
  ...
1..1
# tests 1
# suites 0
# pass 0
# fail 1
# cancelled 0
# skipped 0
# todo 0
# duration_ms 69.493501

[VIQ-5 archive/delete RED] EXIT=1
TAP version 13
# (node:2369953) ExperimentalWarning: SQLite is an experimental feature and might change at any time
# (Use `node --trace-warnings ...` to show where the warning was created)
# Subtest: archive is reversible while confirmed delete tombstones without erasing history
ok 1 - archive is reversible while confirmed delete tombstones without erasing history
  ---
  duration_ms: 10.254919
  type: 'test'
  ...
1..1
# tests 1
# suites 0
# pass 1
# fail 0
# cancelled 0
# skipped 0
# todo 0
# duration_ms 68.565751

[VIQ-5 archive/delete GREEN] EXIT=0
TAP version 13
# (node:2370184) ExperimentalWarning: SQLite is an experimental feature and might change at any time
# (Use `node --trace-warnings ...` to show where the warning was created)
# Subtest: questions accumulate without stopping claim; inbox authorization/cursor metadata and duplicate race
not ok 1 - questions accumulate without stopping claim; inbox authorization/cursor metadata and duplicate race
  ---
  duration_ms: 14.986616
  type: 'test'
  location: '/root/worktrees/viq-human-history/test/daily-alpha-extension.test.js:5:1'
  failureType: 'testCodeFailure'
  error: |-
    Expected values to be strictly equal:
    
    undefined !== 9
    
  code: 'ERR_ASSERTION'
  name: 'AssertionError'
  expected: 9
  operator: 'strictEqual'
  stack: |-
    TestContext.<anonymous> (file:///root/worktrees/viq-human-history/test/daily-alpha-extension.test.js:5:1755)
    async Test.run (node:internal/test_runner/test:1054:7)
    async startSubtestAfterBootstrap (node:internal/test_runner/harness:296:3)
  ...
1..1
# tests 1
# suites 0
# pass 0
# fail 1
# cancelled 0
# skipped 0
# todo 0
# duration_ms 70.474939

[VIQ-5 answer linkage RED] EXIT=1
TAP version 13
# (node:2370566) ExperimentalWarning: SQLite is an experimental feature and might change at any time
# (Use `node --trace-warnings ...` to show where the warning was created)
# Subtest: questions accumulate without stopping claim; inbox authorization/cursor metadata and duplicate race
ok 1 - questions accumulate without stopping claim; inbox authorization/cursor metadata and duplicate race
  ---
  duration_ms: 15.35348
  type: 'test'
  ...
1..1
# tests 1
# suites 0
# pass 1
# fail 0
# cancelled 0
# skipped 0
# todo 0
# duration_ms 82.115618

[VIQ-5 answer linkage GREEN] EXIT=0
TAP version 13
# (node:2370862) ExperimentalWarning: SQLite is an experimental feature and might change at any time
# (Use `node --trace-warnings ...` to show where the warning was created)
# Subtest: HTTP exposes human ticket history edits, state, archive, restore, notes, and confirmed delete
not ok 1 - HTTP exposes human ticket history edits, state, archive, restore, notes, and confirmed delete
  ---
  duration_ms: 47.274104
  type: 'test'
  location: '/root/worktrees/viq-human-history/test/http.test.js:61:1'
  failureType: 'testCodeFailure'
  error: "Cannot read properties of undefined (reading 'state')"
  code: 'ERR_TEST_FAILURE'
  name: 'TypeError'
  stack: |-
    TestContext.<anonymous> (file:///root/worktrees/viq-human-history/test/http.test.js:68:119)
    process.processTicksAndRejections (node:internal/process/task_queues:103:5)
    async Test.run (node:internal/test_runner/test:1054:7)
    async startSubtestAfterBootstrap (node:internal/test_runner/harness:296:3)
  ...
1..1
# tests 1
# suites 0
# pass 0
# fail 1
# cancelled 0
# skipped 0
# todo 0
# duration_ms 161.034078

[VIQ-5 HTTP RED] EXIT=1
TAP version 13
# (node:2371112) ExperimentalWarning: SQLite is an experimental feature and might change at any time
# (Use `node --trace-warnings ...` to show where the warning was created)
# Subtest: HTTP exposes human ticket history edits, state, archive, restore, notes, and confirmed delete
ok 1 - HTTP exposes human ticket history edits, state, archive, restore, notes, and confirmed delete
  ---
  duration_ms: 60.656363
  type: 'test'
  ...
1..1
# tests 1
# suites 0
# pass 1
# fail 0
# cancelled 0
# skipped 0
# todo 0
# duration_ms 163.109938

[VIQ-5 HTTP GREEN] EXIT=0
TAP version 13
# Subtest: human ticket UI exposes every field, direct state, progress, archive, restore, delete, and attributed timeline
not ok 1 - human ticket UI exposes every field, direct state, progress, archive, restore, delete, and attributed timeline
  ---
  duration_ms: 5.545821
  type: 'test'
  location: '/root/worktrees/viq-human-history/test/human-history-ui.test.js:72:1'
  failureType: 'testCodeFailure'
  error: |-
    The input did not match the regular expression /Edit ticket/. Input:
    
    "import { applyTicketFilters, createModalController, renderMarkdown, selectProject } from './ui-core.js';\n" +
      '\n' +
      'const $ = (selector) => document.querySelector(selector);\n' +
      "const state = { projects: [], tickets: [], actors: [], roles: [], active: 'ready', inbox: [], selectedProjects: new Set(), selectedAssignees: new Set(), filtersReady: false };\n" +
      "const columns = [['ready', 'Ready'], ['working', 'Working'], ['review', 'Review'], ['done', 'Done']];\n" +
      "const modal = createModalController($('#modal'));\n" +
      '\n' +
      'async function request(path, options = {}) {\n' +
      "  const response = await fetch(path, { headers: { 'content-type': 'application/json', ...(options.headers || {}) }, ...options });\n" +
      '  const text = await response.text();\n' +
      '  const body = text ? JSON.parse(text) : null;\n' +
      '  if (!response.ok) throw new Error(body?.error?.message || `Request failed (${response.status})`);\n' +
      '  return body;\n' +
      '}\n' +
      "const actorId = () => $('#actor-select').value;\n" +
      'const actorName = (id) => state.actors.find((actor) => actor.id === id)?.name || id;\n' +
      "const roleName = (id) => state.roles.find((role) => role.id === id)?.name || 'Assigned group';\n" +
      "const assigneeName = (assignee) => assignee?.type === 'actor' ? actorName(assignee.id) : assignee?.type === 'role' ? roleName(assignee.id) : 'Unassigned';\n" +
      "const projection = (ticket) => ticket.state === 'open' ? (ticket.claim ? 'working' : 'ready') : ticket.state;\n" +
      "const stateName = (ticket) => ({ ready: 'Ready', working: 'Working', review: 'Awaiting review', done: 'Done' })[projection(ticket)];\n" +
      "function report(error) { $('#status').textContent = `Something went wrong: ${error.message}`; }\n" +
      'function safely(handler) { return async (event) => { try { await handler(event); } catch (error) { report(error); } }; }\n' +
      "function markdownElement(tag, text, className = '') { const element = document.createElement(tag); element.className = className; element.innerHTML = renderMarkdown(text); return element; }\n" +
      "function openModal({ title, eyebrow = '', content, trigger, initialFocus }) {\n" +
      "  $('#modal-title').textContent = title;\n" +
      "  $('#modal-eyebrow').textContent = eyebrow;\n" +
      "  $('#modal-content').replaceChildren(content);\n" +
      '  modal.open({ trigger, initialFocus });\n' +
      '}\n' +
      '\n' +
      'const visibleTickets = () => applyTicketFilters(state.tickets, state.selectedProjects, state.selectedAssignees);\n' +
      'function resetFilters() { state.selectedProjects = new Set(state.projects.map((project) => project.key)); state.selectedAssignees.clear(); renderFilters(); renderBoard(); }\n' +
      'function chip(label, pressed, action) {\n' +
      "  const button = document.createElement('button'); button.type = 'button'; button.className = 'filter-chip'; button.textContent = label; button.setAttribute('aria-pressed', String(pressed));\n" +
      "  button.addEventListener('click', action); return button;\n" +
      '}\n' +
      'function renderFilters() {\n' +
      "  const keys = state.projects.map((project) => project.key); const projects = $('#project-chips'); projects.replaceChildren();\n" +
      "  projects.append(chip('All', state.selectedProjects.size === keys.length, () => { state.selectedProjects = new Set(keys); renderFilters(); renderBoard(); }));\n" +
      '  for (const key of keys) {\n' +
      "    const button = chip(key, state.selectedProjects.has(key), () => { state.selectedProjects = selectProject(keys, state.selectedProjects, key, 'exclusive'); renderFilters(); renderBoard(); });\n" +
      "    button.classList.toggle('excluded', !state.selectedProjects.has(key));\n" +
      "    button.addEventListener('contextmenu', (event) => { event.preventDefault(); state.selectedProjects = selectProject(keys, state.selectedProjects, key, 'exclude'); renderFilters(); renderBoard(); });\n" +
      "    button.addEventListener('keydown', (event) => { if (event.shiftKey && ['Enter', ' '].includes(event.key)) { event.preventDefault(); state.selectedProjects = selectProject(keys, state.selectedProjects, key, 'exclude'); renderFilters(); renderBoard(); } });\n" +
      '    projects.append(button);\n' +
      '  }\n' +
      "  const assignees = new Map(state.tickets.map((ticket) => [ticket.assignee ? `${ticket.assignee.type}:${ticket.assignee.id}` : 'none', assigneeName(ticket.assignee)]));\n" +
      "  const row = $('#assignee-chips'); row.replaceChildren(chip('All assignees', state.selectedAssignees.size === 0, () => { state.selectedAssignees.clear(); renderFilters(); renderBoard(); }));\n" +
      '  for (const [key, label] of [...assignees].sort((a, b) => a[1].localeCompare(b[1]))) row.append(chip(label, state.selectedAssignees.has(key), () => { state.selectedAssignees.has(key) ? state.selectedAssignees.delete(key) : state.selectedAssignees.add(key); renderFilters(); renderBoard(); }));\n' +
      '}\n' +
      'function renderBoard() {\n' +
      "  const visible = visibleTickets(); const board = $('#board'); board.replaceChildren();\n" +
      "  $('#filter-empty').hidden = visible.length !== 0; $('#status').textContent = `${visible.length} tickets shown`;\n" +
      '  for (const [key, label] of columns) {\n' +
      "    const section = document.createElement('section'); section.className = 'column'; section.dataset.column = key;\n" +
      '    const tickets = visible.filter((ticket) => projection(ticket) === key);\n' +
      '    section.innerHTML = `<h3>${label} <span>${tickets.length}</span></h3>`;\n' +
      '    for (const ticket of tickets) {\n' +
      "      const card = document.createElement('button'); card.type = 'button'; card.className = 'ticket-card'; card.dataset.id = ticket.id;\n" +
      "      card.innerHTML = '<small></small><strong></strong><span></span>';\n" +
      '      card.children[0].textContent = ticket.id; card.children[1].textContent = ticket.title; card.children[2].textContent = `${assigneeName(ticket.assignee)} · ${stateName(ticket)}`;\n' +
      "      card.addEventListener('click', safely(async () => showDetail(ticket.id, card))); section.append(card);\n" +
      '    }\n' +
      `    if (!tickets.length) section.insertAdjacentHTML('beforeend', '<p class="empty">Nothing here</p>');\n` +
      "    section.hidden = matchMedia('(max-width:600px)').matches && key !== state.active; board.append(section);\n" +
      '    document.querySelector(`[data-tab="${key}"] span`).textContent = tickets.length;\n' +
      '  }\n' +
      '}\n' +
      '\n' +
      'function openAnswer(question, trigger) {\n' +
      "  if (!actorId()) throw new Error('Choose your name before answering');\n" +
      "  const form = document.createElement('form'); form.className = 'modal-form answer-form'; form.dataset.ticket = question.ticket_id; form.dataset.question = question.id;\n" +
      "  form.append(markdownElement('div', question.text, 'markdown question-markdown'));\n" +
      `  if (question.kind === 'text') form.insertAdjacentHTML('beforeend', '<label>Your answer (Markdown)<textarea name="answer" required rows="5"></textarea></label><button>Send answer</button>');\n` +
      `  else form.insertAdjacentHTML('beforeend', '<label>Note (optional, Markdown)<textarea name="note" rows="4"></textarea></label><div class="form-actions"><button name="decision" value="accept">Accept work</button><button class="secondary" name="decision" value="request_changes">Request changes</button></div>');\n` +
      "  form.addEventListener('submit', safely(async (event) => {\n" +
      '    event.preventDefault(); const data = Object.fromEntries(new FormData(form)); const decision = event.submitter?.value;\n' +
      "    await request(`/v1/tickets/${question.ticket_id}/questions/${question.id}/answer`, { method: 'POST', body: JSON.stringify({ actor: actorId(), ...(decision ? { decision, note: data.note } : { answer: data.answer }) }) });\n" +
      "    modal.close(); await refresh(); $('#status').textContent = decision === 'accept' ? 'Work accepted' : decision === 'request_changes' ? 'Changes requested' : 'Answer sent';\n" +
      '  }));\n' +
      "  openModal({ title: question.kind === 'approval' ? 'Review request' : 'Answer question', eyebrow: question.ticket_id, content: form, trigger, initialFocus: form.querySelector('textarea') });\n" +
      '}\n' +
      '\n' +
      'function answerCard(question) {\n' +
      '  const ticket = state.tickets.find((item) => item.id === question.ticket_id);\n' +
      "  const article = document.createElement('article'); article.className = 'question-card'; article.tabIndex = 0; article.setAttribute('role', 'button');\n" +
      `  article.innerHTML = '<small></small><h3></h3><div class="markdown"></div>';\n` +
      "  article.querySelector('small').textContent = question.kind === 'approval' ? 'Review requested' : `Question · ${question.ticket_id}`;\n" +
      "  article.querySelector('h3').textContent = ticket?.title || question.ticket_id; article.querySelector('.markdown').innerHTML = renderMarkdown(question.text);\n" +
      "  article.addEventListener('click', () => openAnswer(question, article));\n" +
      "  article.addEventListener('keydown', (event) => { if (['Enter', ' '].includes(event.key)) { event.preventDefault(); openAnswer(question, article); } });\n" +
      '  return article;\n' +
      '}\n' +
      '\n' +
      'async function refreshInbox() {\n' +
      '  const actor = actorId(); state.inbox = actor ? (await request(`/v1/actors/${encodeURIComponent(actor)}/inbox?after=0`)).questions : [];\n' +
      "  const list = $('#inbox-list');\n" +
      "  if (!actor) { $('#inbox-count').textContent = ''; list.replaceChildren(Object.assign(document.createElement('p'), { textContent: 'Choose your name to see questions waiting for you.' })); }\n" +
      "  else if (!state.inbox.length) { $('#inbox-count').textContent = 'All clear'; list.replaceChildren(Object.assign(document.createElement('p'), { textContent: 'Nothing needs your answer. New questions will appear here.' })); }\n" +
      "  else { $('#inbox-count').textContent = `${state.inbox.length} ${state.inbox.length === 1 ? 'question needs' : 'questions need'} your answer`; list.replaceChildren(...state.inbox.map(answerCard)); }\n" +
      '}\n' +
      '\n' +
      'async function refresh(preferred = null) {\n' +
      "  [state.actors, state.roles, state.projects] = await Promise.all([request('/v1/actors?active=true').then((body) => body.actors), request('/v1/roles').then((body) => body.roles), request('/v1/projects').then((body) => body.projects)]);\n" +
      "  const identity = actorId() || localStorage.getItem('viq.actor') || '';\n" +
      "  $('#actor-select').replaceChildren(new Option('Choose your name', ''), ...state.actors.filter((actor) => actor.kind === 'human').map((actor) => new Option(actor.name, actor.id)));\n" +
      "  $('#actor-select').value = state.actors.some((actor) => actor.id === identity && actor.kind === 'human') ? identity : '';\n" +
      '  const keys = state.projects.map((project) => project.key);\n' +
      '  if (!state.filtersReady) { state.sel'... 5871 more characters
    
  code: 'ERR_ASSERTION'
  name: 'AssertionError'
  expected:
  actual: |-
    import { applyTicketFilters, createModalController, renderMarkdown, selectProject } from './ui-core.js';
    
    const $ = (selector) => document.querySelector(selector);
    const state = { projects: [], tickets: [], actors: [], roles: [], active: 'ready', inbox: [], selectedProjects: new Set(), selectedAssignees: new Set(), filtersReady: false };
    const columns = [['ready', 'Ready'], ['working', 'Working'], ['review', 'Review'], ['done', 'Done']];
    const modal = createModalController($('#modal'));
    
    async function request(path, options = {}) {
      const response = await fetch(path, { headers: { 'content-type': 'application/json', ...(options.headers || {}) }, ...options });
      const text = await response.text();
      const body = text ? JSON.parse(text) : null;
      if (!response.ok) throw new Error(body?.error?.message || `Request failed (${response.status})`);
      return body;
    }
    const actorId = () => $('#actor-select').value;
    const actorName = (id) => state.actors.find((actor) => actor.id === id)?.name || id;
    const roleName = (id) => state.roles.find((role) => role.id === id)?.name || 'Assigned group';
    const assigneeName = (assignee) => assignee?.type === 'actor' ? actorName(assignee.id) : assignee?.type === 'role' ? roleName(assignee.id) : 'Unassigned';
    const projection = (ticket) => ticket.state === 'open' ? (ticket.claim ? 'working' : 'ready') : ticket.state;
    const stateName = (ticket) => ({ ready: 'Ready', working: 'Working', review: 'Awaiting review', done: 'Done' })[projection(ticket)];
    function report(error) { $('#status').textContent = `Something went wrong: ${error.message}`; }
    function safely(handler) { return async (event) => { try { await handler(event); } catch (error) { report(error); } }; }
    function markdownElement(tag, text, className = '') { const element = document.createElement(tag); element.className = className; element.innerHTML = renderMarkdown(text); return element; }
    function openModal({ title, eyebrow = '', content, trigger, initialFocus }) {
      $('#modal-title').textContent = title;
      $('#modal-eyebrow').textContent = eyebrow;
      $('#modal-content').replaceChildren(content);
      modal.open({ trigger, initialFocus });
    }
    
    const visibleTickets = () => applyTicketFilters(state.tickets, state.selectedProjects, state.selectedAssignees);
    function resetFilters() { state.selectedProjects = new Set(state.projects.map((project) => project.key)); state.selectedAssignees.clear(); renderFilters(); renderBoard(); }
    function chip(label, pressed, action) {
      const button = document.createElement('button'); button.type = 'button'; button.className = 'filter-chip'; button.textContent = label; button.setAttribute('aria-pressed', String(pressed));
      button.addEventListener('click', action); return button;
    }
    function renderFilters() {
      const keys = state.projects.map((project) => project.key); const projects = $('#project-chips'); projects.replaceChildren();
      projects.append(chip('All', state.selectedProjects.size === keys.length, () => { state.selectedProjects = new Set(keys); renderFilters(); renderBoard(); }));
      for (const key of keys) {
        const button = chip(key, state.selectedProjects.has(key), () => { state.selectedProjects = selectProject(keys, state.selectedProjects, key, 'exclusive'); renderFilters(); renderBoard(); });
        button.classList.toggle('excluded', !state.selectedProjects.has(key));
        button.addEventListener('contextmenu', (event) => { event.preventDefault(); state.selectedProjects = selectProject(keys, state.selectedProjects, key, 'exclude'); renderFilters(); renderBoard(); });
        button.addEventListener('keydown', (event) => { if (event.shiftKey && ['Enter', ' '].includes(event.key)) { event.preventDefault(); state.selectedProjects = selectProject(keys, state.selectedProjects, key, 'exclude'); renderFilters(); renderBoard(); } });
        projects.append(button);
      }
      const assignees = new Map(state.tickets.map((ticket) => [ticket.assignee ? `${ticket.assignee.type}:${ticket.assignee.id}` : 'none', assigneeName(ticket.assignee)]));
      const row = $('#assignee-chips'); row.replaceChildren(chip('All assignees', state.selectedAssignees.size === 0, () => { state.selectedAssignees.clear(); renderFilters(); renderBoard(); }));
      for (const [key, label] of [...assignees].sort((a, b) => a[1].localeCompare(b[1]))) row.append(chip(label, state.selectedAssignees.has(key), () => { state.selectedAssignees.has(key) ? state.selectedAssignees.delete(key) : state.selectedAssignees.add(key); renderFilters(); renderBoard(); }));
    }
    function renderBoard() {
      const visible = visibleTickets(); const board = $('#board'); board.replaceChildren();
      $('#filter-empty').hidden = visible.length !== 0; $('#status').textContent = `${visible.length} tickets shown`;
      for (const [key, label] of columns) {
        const section = document.createElement('section'); section.className = 'column'; section.dataset.column = key;
        const tickets = visible.filter((ticket) => projection(ticket) === key);
        section.innerHTML = `<h3>${label} <span>${tickets.length}</span></h3>`;
        for (const ticket of tickets) {
          const card = document.createElement('button'); card.type = 'button'; card.className = 'ticket-card'; card.dataset.id = ticket.id;
          card.innerHTML = '<small></small><strong></strong><span></span>';
          card.children[0].textContent = ticket.id; card.children[1].textContent = ticket.title; card.children[2].textContent = `${assigneeName(ticket.assignee)} · ${stateName(ticket)}`;
          card.addEventListener('click', safely(async () => showDetail(ticket.id, card))); section.append(card);
        }
        if (!tickets.length) section.insertAdjacentHTML('beforeend', '<p class="empty">Nothing here</p>');
        section.hidden = matchMedia('(max-width:600px)').matches && key !== state.active; board.append(section);
        document.querySelector(`[data-tab="${key}"] span`).textContent = tickets.length;
      }
    }
    
    function openAnswer(question, trigger) {
      if (!actorId()) throw new Error('Choose your name before answering');
      const form = document.createElement('form'); form.className = 'modal-form answer-form'; form.dataset.ticket = question.ticket_id; form.dataset.question = question.id;
      form.append(markdownElement('div', question.text, 'markdown question-markdown'));
      if (question.kind === 'text') form.insertAdjacentHTML('beforeend', '<label>Your answer (Markdown)<textarea name="answer" required rows="5"></textarea></label><button>Send answer</button>');
      else form.insertAdjacentHTML('beforeend', '<label>Note (optional, Markdown)<textarea name="note" rows="4"></textarea></label><div class="form-actions"><button name="decision" value="accept">Accept work</button><button class="secondary" name="decision" value="request_changes">Request changes</button></div>');
      form.addEventListener('submit', safely(async (event) => {
        event.preventDefault(); const data = Object.fromEntries(new FormData(form)); const decision = event.submitter?.value;
        await request(`/v1/tickets/${question.ticket_id}/questions/${question.id}/answer`, { method: 'POST', body: JSON.stringify({ actor: actorId(), ...(decision ? { decision, note: data.note } : { answer: data.answer }) }) });
        modal.close(); await refresh(); $('#status').textContent = decision === 'accept' ? 'Work accepted' : decision === 'request_changes' ? 'Changes requested' : 'Answer sent';
      }));
      openModal({ title: question.kind === 'approval' ? 'Review request' : 'Answer question', eyebrow: question.ticket_id, content: form, trigger, initialFocus: form.querySelector('textarea') });
    }
    
    function answerCard(question) {
      const ticket = state.tickets.find((item) => item.id === question.ticket_id);
      const article = document.createElement('article'); article.className = 'question-card'; article.tabIndex = 0; article.setAttribute('role', 'button');
      article.innerHTML = '<small></small><h3></h3><div class="markdown"></div>';
      article.querySelector('small').textContent = question.kind === 'approval' ? 'Review requested' : `Question · ${question.ticket_id}`;
      article.querySelector('h3').textContent = ticket?.title || question.ticket_id; article.querySelector('.markdown').innerHTML = renderMarkdown(question.text);
      article.addEventListener('click', () => openAnswer(question, article));
      article.addEventListener('keydown', (event) => { if (['Enter', ' '].includes(event.key)) { event.preventDefault(); openAnswer(question, article); } });
      return article;
    }
    
    async function refreshInbox() {
      const actor = actorId(); state.inbox = actor ? (await request(`/v1/actors/${encodeURIComponent(actor)}/inbox?after=0`)).questions : [];
      const list = $('#inbox-list');
      if (!actor) { $('#inbox-count').textContent = ''; list.replaceChildren(Object.assign(document.createElement('p'), { textContent: 'Choose your name to see questions waiting for you.' })); }
      else if (!state.inbox.length) { $('#inbox-count').textContent = 'All clear'; list.replaceChildren(Object.assign(document.createElement('p'), { textContent: 'Nothing needs your answer. New questions will appear here.' })); }
      else { $('#inbox-count').textContent = `${state.inbox.length} ${state.inbox.length === 1 ? 'question needs' : 'questions need'} your answer`; list.replaceChildren(...state.inbox.map(answerCard)); }
    }
    
    async function refresh(preferred = null) {
      [state.actors, state.roles, state.projects] = await Promise.all([request('/v1/actors?active=true').then((body) => body.actors), request('/v1/roles').then((body) => body.roles), request('/v1/projects').then((body) => body.projects)]);
      const identity = actorId() || localStorage.getItem('viq.actor') || '';
      $('#actor-select').replaceChildren(new Option('Choose your name', ''), ...state.actors.filter((actor) => actor.kind === 'human').map((actor) => new Option(actor.name, actor.id)));
      $('#actor-select').value = state.actors.some((actor) => actor.id === identity && actor.kind === 'human') ? identity : '';
      const keys = state.projects.map((project) => project.key);
      if (!state.filtersReady) { state.selectedProjects = new Set(keys); state.filtersReady = true; }
      else state.selectedProjects = new Set([...state.selectedProjects].filter((key) => keys.includes(key)));
      if (preferred) state.selectedProjects = new Set([preferred]);
      state.tickets = (await Promise.all(state.projects.map((project) => request(`/v1/projects/${encodeURIComponent(project.key)}/tickets`)))).flatMap((body) => body.tickets);
      renderFilters(); renderBoard(); await refreshInbox(); $('#status').textContent = `${visibleTickets().length} tickets shown`;
    }
    
    async function showDetail(id, trigger) {
      const [{ ticket }, { questions }, { events }] = await Promise.all([request(`/v1/tickets/${id}`), request(`/v1/tickets/${id}/questions`), request(`/v1/events?ticket=${id}`)]);
      const content = document.createElement('div'); content.className = 'ticket-detail';
      content.append(markdownElement('div', ticket.body || 'No additional context.', 'detail-body markdown'));
      const facts = document.createElement('dl'); facts.className = 'ticket-facts';
      const fact = (term, value) => { const box = document.createElement('div'); const dt = document.createElement('dt'); const dd = document.createElement('dd'); dt.textContent = term; dd.textContent = value; box.append(dt, dd); return box; };
      if (ticket.assignee) facts.append(fact(ticket.assignee.type === 'role' ? 'Eligible group' : 'Assigned person', assigneeName(ticket.assignee)));
      if (ticket.claim) facts.append(fact('Worker', actorName(ticket.claim.actor)));
      facts.append(fact('Status', stateName(ticket))); content.append(facts);
      const timeline = document.createElement('section'); timeline.innerHTML = '<h3>History</h3>'; const list = document.createElement('ol'); list.className = 'detail-questions';
      const questionByEvent = new Map(questions.map((question) => [question.id, question]));
      for (const event of events) {
        const question = questionByEvent.get(event.metadata?.question_id);
        if (!question || event.type !== 'question_asked') continue;
        const item = document.createElement('li'); item.className = 'ticket-question'; item.tabIndex = question.status === 'open' ? 0 : -1;
        item.append(markdownElement('strong', question.text, 'markdown'));
        const answer = document.createElement('div'); answer.className = 'markdown muted';
        if (!question.answer) answer.textContent = 'Waiting for an answer'; else if (question.kind === 'approval') { try { const result = JSON.parse(question.answer); answer.innerHTML = renderMarkdown(`${result.decision === 'accept' ? 'Accepted' : 'Changes requested'}${result.note ? ` — ${result.note}` : ''}`); } catch { answer.innerHTML = renderMarkdown(question.answer); } } else answer.innerHTML = renderMarkdown(`Answered: ${question.answer}`);
        item.append(answer);
        if (question.status === 'open') { item.setAttribute('role', 'button'); item.addEventListener('click', () => openAnswer(question, item)); item.addEventListener('keydown', (event) => { if (['Enter', ' '].includes(event.key)) openAnswer(question, item); }); }
        list.append(item);
      }
      if (!list.children.length) list.append(Object.assign(document.createElement('li'), { textContent: 'No questions have been asked.' })); timeline.append(list); content.append(timeline);
      openModal({ title: ticket.title, eyebrow: ticket.id, content, trigger });
    }
    
    function openProjectCreate(trigger) {
      const form = document.createElement('form'); form.className = 'modal-form'; form.innerHTML = '<label>Project key<input name="key" required pattern="[A-Za-z][A-Za-z0-9]{1,9}" autocomplete="off"></label><button>Create project</button>';
      form.addEventListener('submit', safely(async (event) => { event.preventDefault(); const result = await request('/v1/projects', { method: 'POST', body: JSON.stringify(Object.fromEntries(new FormData(form))) }); modal.close(); await refresh(result.project.key); }));
      openModal({ title: 'Create project', content: form, trigger, initialFocus: form.elements.key });
    }
    function openTicketCreate(trigger) {
      const form = document.createElement('form'); form.className = 'modal-form'; form.innerHTML = '<label>Project<select name="project" required></select></label><label>Ticket title<input name="title" required></label><label>Context (Markdown)<textarea name="body" rows="5"></textarea></label><button>Create ticket</button>';
      form.elements.project.replaceChildren(new Option('Choose a project', ''), ...state.projects.map((project) => new Option(project.key, project.key))); const exclusive = [...state.selectedProjects]; form.elements.project.value = exclusive.length === 1 ? exclusive[0] : '';
      form.addEventListener('submit', safely(async (event) => { event.preventDefault(); const data = Object.fromEntries(new FormData(form)); await request('/v1/tickets', { method: 'POST', body: JSON.stringify(data) }); modal.close(); await refresh(data.project); }));
      openModal({ title: 'Create ticket', content: form, trigger, initialFocus: state.project ? form.elements.title : form.elements.project });
    }
    
    $('#close-modal').addEventListener('click', () => modal.close());
    $('#refresh').addEventListener('click', safely(async () => refresh()));
    $('#actor-select').addEventListener('change', safely(async (event) => { localStorage.setItem('viq.actor', event.target.value); await refreshInbox(); }));
    $('#reset-filters').addEventListener('click', resetFilters);
    $('#state-tabs').addEventListener('click', (event) => { const tab = event.target.closest('[data-tab]'); if (!tab) return; state.active = tab.dataset.tab; document.querySelectorAll('[role=tab]').forEach((item) => item.setAttribute('aria-selected', String(item === tab))); renderBoard(); });
    $('#open-project-create').addEventListener('click', (event) => openProjectCreate(event.currentTarget));
    $('#open-ticket-create').addEventListener('click', (event) => openTicketCreate(event.currentTarget));
    refresh().catch(report);
    
  operator: 'match'
  stack: |-
    TestContext.<anonymous> (file:///root/worktrees/viq-human-history/test/human-history-ui.test.js:74:167)
    async Test.run (node:internal/test_runner/test:1054:7)
    async startSubtestAfterBootstrap (node:internal/test_runner/harness:296:3)
  ...
1..1
# tests 1
# suites 0
# pass 0
# fail 1
# cancelled 0
# skipped 0
# todo 0
# duration_ms 60.037871

[VIQ-5 UI RED] EXIT=1
TAP version 13
# Subtest: human ticket UI exposes every field, direct state, progress, archive, restore, delete, and attributed timeline
ok 1 - human ticket UI exposes every field, direct state, progress, archive, restore, delete, and attributed timeline
  ---
  duration_ms: 4.221359
  type: 'test'
  ...
1..1
# tests 1
# suites 0
# pass 1
# fail 0
# cancelled 0
# skipped 0
# todo 0
# duration_ms 54.519203

[VIQ-5 UI GREEN attempt] EXIT=0
TAP version 13
# (node:2374094) ExperimentalWarning: SQLite is an experimental feature and might change at any time
# (Use `node --trace-warnings ...` to show where the warning was created)
# Subtest: human questions join the same event history without requiring or creating a claim
not ok 1 - human questions join the same event history without requiring or creating a claim
  ---
  duration_ms: 7.600899
  type: 'test'
  location: '/root/worktrees/viq-human-history/test/daily-alpha-extension.test.js:6:1'
  failureType: 'testCodeFailure'
  error: 's.askHumanQuestion is not a function'
  code: 'ERR_TEST_FAILURE'
  name: 'TypeError'
  stack: |-
    TestContext.<anonymous> (file:///root/worktrees/viq-human-history/test/daily-alpha-extension.test.js:6:218)
    async Test.run (node:internal/test_runner/test:1054:7)
    async startSubtestAfterBootstrap (node:internal/test_runner/harness:296:3)
  ...
1..1
# tests 1
# suites 0
# pass 0
# fail 1
# cancelled 0
# skipped 0
# todo 0
# duration_ms 65.163486

[VIQ-5 human question RED] EXIT=1
TAP version 13
# (node:2374410) ExperimentalWarning: SQLite is an experimental feature and might change at any time
# (Use `node --trace-warnings ...` to show where the warning was created)
# Subtest: human questions join the same event history without requiring or creating a claim
ok 1 - human questions join the same event history without requiring or creating a claim
  ---
  duration_ms: 9.137098
  type: 'test'
  ...
1..1
# tests 1
# suites 0
# pass 1
# fail 0
# cancelled 0
# skipped 0
# todo 0
# duration_ms 68.547324

[VIQ-5 human question GREEN] EXIT=0
TAP version 13
# (node:2377759) ExperimentalWarning: SQLite is an experimental feature and might change at any time
# (Use `node --trace-warnings ...` to show where the warning was created)
# Subtest: archive is reversible while confirmed delete tombstones without erasing history
not ok 1 - archive is reversible while confirmed delete tombstones without erasing history
  ---
  duration_ms: 9.953459
  type: 'test'
  location: '/root/worktrees/viq-human-history/test/domain.test.js:164:1'
  failureType: 'testCodeFailure'
  error: |-
    Expected values to be strictly equal:
    + actual - expected
    
    + {
    +   archived_at: 1700000000000,
    +   assigned_to: null,
    +   assignee: null,
    +   body: 'details',
    +   claim: null,
    +   created_at: 1700000000000,
    +   deleted_at: null,
    +   id: 'ABC-1',
    +   project: 'ABC',
    +   state: 'open',
    +   title: 'Trace claim fencing',
    +   updated_at: 1700000000000
    + }
    - null
    
  code: 'ERR_ASSERTION'
  name: 'AssertionError'
  expected: ~
  actual:
    id: 'ABC-1'
    project: 'ABC'
    title: 'Trace claim fencing'
    body: 'details'
    state: 'open'
    assigned_to: ~
    assignee: ~
    archived_at: 1700000000000
    deleted_at: ~
    created_at: 1700000000000
    updated_at: 1700000000000
    claim: ~
  operator: 'strictEqual'
  stack: |-
    TestContext.<anonymous> (file:///root/worktrees/viq-human-history/test/domain.test.js:167:64)
    async Test.run (node:internal/test_runner/test:1054:7)
    async startSubtestAfterBootstrap (node:internal/test_runner/harness:296:3)
  ...
1..1
# tests 1
# suites 0
# pass 0
# fail 1
# cancelled 0
# skipped 0
# todo 0
# duration_ms 69.176875

[VIQ-5 archived dispatch RED] EXIT=1
TAP version 13
# (node:2378033) ExperimentalWarning: SQLite is an experimental feature and might change at any time
# (Use `node --trace-warnings ...` to show where the warning was created)
# Subtest: archive is reversible while confirmed delete tombstones without erasing history
ok 1 - archive is reversible while confirmed delete tombstones without erasing history
  ---
  duration_ms: 10.64773
  type: 'test'
  ...
1..1
# tests 1
# suites 0
# pass 1
# fail 0
# cancelled 0
# skipped 0
# todo 0
# duration_ms 67.145852

[VIQ-5 archived dispatch GREEN] EXIT=0
TAP version 13
# (node:2378280) ExperimentalWarning: SQLite is an experimental feature and might change at any time
# (Use `node --trace-warnings ...` to show where the warning was created)
# Subtest: direct state override resolves a pending approval instead of leaving a stale inbox question
not ok 1 - direct state override resolves a pending approval instead of leaving a stale inbox question
  ---
  duration_ms: 10.833965
  type: 'test'
  location: '/root/worktrees/viq-human-history/test/domain.test.js:164:1'
  failureType: 'testCodeFailure'
  error: |-
    Expected values to be strictly equal:
    
    'open' !== 'answered'
    
  code: 'ERR_ASSERTION'
  name: 'AssertionError'
  expected: 'answered'
  actual: 'open'
  operator: 'strictEqual'
  stack: |-
    TestContext.<anonymous> (file:///root/worktrees/viq-human-history/test/domain.test.js:168:10)
    async Test.run (node:internal/test_runner/test:1054:7)
    async startSubtestAfterBootstrap (node:internal/test_runner/harness:296:3)
  ...
1..1
# tests 1
# suites 0
# pass 0
# fail 1
# cancelled 0
# skipped 0
# todo 0
# duration_ms 71.334824

[VIQ-5 approval override RED] EXIT=1
TAP version 13
# (node:2378477) ExperimentalWarning: SQLite is an experimental feature and might change at any time
# (Use `node --trace-warnings ...` to show where the warning was created)
# Subtest: direct state override resolves a pending approval instead of leaving a stale inbox question
ok 1 - direct state override resolves a pending approval instead of leaving a stale inbox question
  ---
  duration_ms: 10.85129
  type: 'test'
  ...
1..1
# tests 1
# suites 0
# pass 1
# fail 0
# cancelled 0
# skipped 0
# todo 0
# duration_ms 69.560534

[VIQ-5 approval override GREEN] EXIT=0
