TAP version 13
# (node:2477929) ExperimentalWarning: SQLite is an experimental feature and might change at any time
# (Use `node --trace-warnings ...` to show where the warning was created)
# Subtest: ticket edit fails closed when actor is missing
ok 1 - ticket edit fails closed when actor is missing
  ---
  duration_ms: 13.229881
  type: 'test'
  ...
# Subtest: ticket edit rejects an unknown actor
ok 2 - ticket edit rejects an unknown actor
  ---
  duration_ms: 5.363217
  type: 'test'
  ...
# Subtest: ticket edit rejects an inactive actor
ok 3 - ticket edit rejects an inactive actor
  ---
  duration_ms: 4.903801
  type: 'test'
  ...
# Subtest: ticket edit rejects an active agent because direct history edits are human-only
ok 4 - ticket edit rejects an active agent because direct history edits are human-only
  ---
  duration_ms: 4.275567
  type: 'test'
  ...
# Subtest: selected human creator is recorded canonically on ticket_created
ok 5 - selected human creator is recorded canonically on ticket_created
  ---
  duration_ms: 4.818532
  type: 'test'
  ...
# Subtest: valid human edit records the validated canonical actor
ok 6 - valid human edit records the validated canonical actor
  ---
  duration_ms: 5.661255
  type: 'test'
  ...
# Subtest: project move and persisted history retain the validated actor
ok 7 - project move and persisted history retain the validated actor
  ---
  duration_ms: 5.855035
  type: 'test'
  ...
# (node:2477930) ExperimentalWarning: SQLite is an experimental feature and might change at any time
# (Use `node --trace-warnings ...` to show where the warning was created)
# Subtest: actor lifecycle, role holder eligibility, typed assignment/filtering and claim restrictions
ok 8 - actor lifecycle, role holder eligibility, typed assignment/filtering and claim restrictions
  ---
  duration_ms: 18.044813
  type: 'test'
  ...
# Subtest: questions accumulate without stopping claim; inbox authorization/cursor metadata and duplicate race
ok 9 - questions accumulate without stopping claim; inbox authorization/cursor metadata and duplicate race
  ---
  duration_ms: 8.696484
  type: 'test'
  ...
# Subtest: human questions join the same event history without requiring or creating a claim
ok 10 - human questions join the same event history without requiring or creating a claim
  ---
  duration_ms: 4.412416
  type: 'test'
  ...
# Subtest: deleted ticket questions leave normal inboxes and cannot be answered
ok 11 - deleted ticket questions leave normal inboxes and cannot be answered
  ---
  duration_ms: 4.945869
  type: 'test'
  ...
# Subtest: submit approval atomics, compatibility acceptance and reopen coherence
ok 12 - submit approval atomics, compatibility acceptance and reopen coherence
  ---
  duration_ms: 8.810546
  type: 'test'
  ...
# (node:2477936) ExperimentalWarning: SQLite is an experimental feature and might change at any time
# (Use `node --trace-warnings ...` to show where the warning was created)
# Subtest: SQLite ticket fields, numbering, and event history survive store restart
ok 13 - SQLite ticket fields, numbering, and event history survive store restart
  ---
  duration_ms: 14.210673
  type: 'test'
  ...
# Subtest: durable claim survives arbitrary elapsed time and restart without liveness inference
ok 14 - durable claim survives arbitrary elapsed time and restart without liveness inference
  ---
  duration_ms: 6.139136
  type: 'test'
  ...
# Subtest: explicit release removes authority and makes open ticket ready
ok 15 - explicit release removes authority and makes open ticket ready
  ---
  duration_ms: 5.036487
  type: 'test'
  ...
# Subtest: submit review, accept done, and reopen open are explicit state transitions
ok 16 - submit review, accept done, and reopen open are explicit state transitions
  ---
  duration_ms: 5.546022
  type: 'test'
  ...
# Subtest: competing claims are atomic across independent SQLite connections
ok 17 - competing claims are atomic across independent SQLite connections
  ---
  duration_ms: 5.890512
  type: 'test'
  ...
# Subtest: explicit takeover increments generation and old owner is fenced
ok 18 - explicit takeover increments generation and old owner is fenced
  ---
  duration_ms: 7.196558
  type: 'test'
  ...
# Subtest: event cursor is global monotonic and polling after cursor filters project or ticket
ok 19 - event cursor is global monotonic and polling after cursor filters project or ticket
  ---
  duration_ms: 4.834573
  type: 'test'
  ...
# Subtest: human edits every ticket field while assignment remains distinct from the active claim
ok 20 - human edits every ticket field while assignment remains distinct from the active claim
  ---
  duration_ms: 6.831018
  type: 'test'
  ...
# Subtest: human direct state changes fence claims and progress stays in the ticket event chronology
ok 21 - human direct state changes fence claims and progress stays in the ticket event chronology
  ---
  duration_ms: 5.943645
  type: 'test'
  ...
# Subtest: direct state override resolves a pending approval instead of leaving a stale inbox question
ok 22 - direct state override resolves a pending approval instead of leaving a stale inbox question
  ---
  duration_ms: 5.790469
  type: 'test'
  ...
# Subtest: archive is reversible while confirmed delete tombstones without erasing history
ok 23 - archive is reversible while confirmed delete tombstones without erasing history
  ---
  duration_ms: 6.537114
  type: 'test'
  ...
# Subtest: archived tickets are immutable and leave inboxes until restored
ok 24 - archived tickets are immutable and leave inboxes until restored
  ---
  duration_ms: 7.122224
  type: 'test'
  ...
# Subtest: archive and delete checks remain correct when the clock returns zero
ok 25 - archive and delete checks remain correct when the clock returns zero
  ---
  duration_ms: 5.912961
  type: 'test'
  ...
# Subtest: deleted tombstones reject subsequent human mutations
ok 26 - deleted tombstones reject subsequent human mutations
  ---
  duration_ms: 9.48023
  type: 'test'
  ...
# Subtest: ticket edit and assignment retain the minimal canonical fields and record events
ok 27 - ticket edit and assignment retain the minimal canonical fields and record events
  ---
  duration_ms: 4.805551
  type: 'test'
  ...
# (node:2477968) ExperimentalWarning: SQLite is an experimental feature and might change at any time
# (Use `node --trace-warnings ...` to show where the warning was created)
# Subtest: HTTP exposes the complete canonical lifecycle and event polling
ok 28 - HTTP exposes the complete canonical lifecycle and event polling
  ---
  duration_ms: 75.695218
  type: 'test'
  ...
# Subtest: HTTP release and authorized takeover preserve fencing
ok 29 - HTTP release and authorized takeover preserve fencing
  ---
  duration_ms: 32.432471
  type: 'test'
  ...
# Subtest: HTTP exposes human ticket history edits, state, archive, restore, notes, and confirmed delete
ok 30 - HTTP exposes human ticket history edits, state, archive, restore, notes, and confirmed delete
  ---
  duration_ms: 27.265175
  type: 'test'
  ...
# Subtest: HTTP ticket edits fail closed without an active actor and persist canonical provenance
ok 31 - HTTP ticket edits fail closed without an active actor and persist canonical provenance
  ---
  duration_ms: 17.519147
  type: 'test'
  ...
# Subtest: HTTP edits minimal ticket fields and rejects malformed JSON
ok 32 - HTTP edits minimal ticket fields and rejects malformed JSON
  ---
  duration_ms: 10.508059
  type: 'test'
  ...
# Subtest: Markdown rendering preserves useful formatting and escapes executable HTML
ok 33 - Markdown rendering preserves useful formatting and escapes executable HTML
  ---
  duration_ms: 1.371153
  type: 'test'
  ...
# Subtest: reusable modal closes only from backdrop or Escape and restores trigger focus
ok 34 - reusable modal closes only from backdrop or Escape and restores trigger focus
  ---
  duration_ms: 1.649665
  type: 'test'
  ...
# Subtest: project chip left click is exclusive/toggle-All and right click excludes only that project
ok 35 - project chip left click is exclusive/toggle-All and right click excludes only that project
  ---
  duration_ms: 0.842149
  type: 'test'
  ...
# Subtest: semantic All projects includes projects discovered by refresh
ok 36 - semantic All projects includes projects discovered by refresh
  ---
  duration_ms: 0.237891
  type: 'test'
  ...
# Subtest: project and assignee filters compose, including unassigned tickets
ok 37 - project and assignee filters compose, including unassigned tickets
  ---
  duration_ms: 0.303253
  type: 'test'
  ...
# Subtest: filter chips expose accessible selected state, context-menu exclusion, and empty reset
ok 38 - filter chips expose accessible selected state, context-menu exclusion, and empty reset
  ---
  duration_ms: 9.205333
  type: 'test'
  ...
# Subtest: human ticket UI exposes every field, direct state, progress, archive, restore, delete, and attributed timeline
ok 39 - human ticket UI exposes every field, direct state, progress, archive, restore, delete, and attributed timeline
  ---
  duration_ms: 0.788929
  type: 'test'
  ...
# Subtest: browser acceptance independently covers desktop and a 390px mobile page
ok 40 - browser acceptance independently covers desktop and a 390px mobile page
  ---
  duration_ms: 2.311148
  type: 'test'
  ...
# Subtest: nested modal flows restore their prior view before returning focus to an in-dialog trigger
ok 41 - nested modal flows restore their prior view before returning focus to an in-dialog trigger
  ---
  duration_ms: 1.004925
  type: 'test'
  ...
# Subtest: ticket, question, project, and ticket-create flows share one modal shell
ok 42 - ticket, question, project, and ticket-create flows share one modal shell
  ---
  duration_ms: 2.787282
  type: 'test'
  ...
# Subtest: semantic All projects includes projects discovered by refresh
ok 43 - semantic All projects includes projects discovered by refresh
  ---
  duration_ms: 1.107256
  type: 'test'
  ...
# (node:2477999) ExperimentalWarning: SQLite is an experimental feature and might change at any time
# (Use `node --trace-warnings ...` to show where the warning was created)
# Subtest: direct history edit is human-only while agent progress remains claim-authorized
ok 44 - direct history edit is human-only while agent progress remains claim-authorized
  ---
  duration_ms: 14.170063
  type: 'test'
  ...
# Subtest: human ticket creator is validated and persisted on ticket_created
ok 45 - human ticket creator is validated and persisted on ticket_created
  ---
  duration_ms: 12.342113
  type: 'test'
  ...
# Subtest: archived ticket is immutable and absent from inbox until explicit restore
ok 46 - archived ticket is immutable and absent from inbox until explicit restore
  ---
  duration_ms: 10.970118
  type: 'test'
  ...
# Subtest: archive and delete timestamps use NULL semantics when clock is zero
ok 47 - archive and delete timestamps use NULL semantics when clock is zero
  ---
  duration_ms: 5.208343
  type: 'test'
  ...
1..47
# tests 47
# suites 0
# pass 47
# fail 0
# cancelled 0
# skipped 0
# todo 0
# duration_ms 373.997736

EXIT=0
