TAP version 13
# (node:2471411) ExperimentalWarning: SQLite is an experimental feature and might change at any time
# (Use `node --trace-warnings ...` to show where the warning was created)
# Subtest: direct history edit is human-only while agent progress remains claim-authorized
ok 1 - direct history edit is human-only while agent progress remains claim-authorized
  ---
  duration_ms: 10.889468
  type: 'test'
  ...
# Subtest: human ticket creator is validated and persisted on ticket_created
ok 2 - human ticket creator is validated and persisted on ticket_created
  ---
  duration_ms: 4.738964
  type: 'test'
  ...
# Subtest: archived ticket is immutable and absent from inbox until explicit restore
ok 3 - archived ticket is immutable and absent from inbox until explicit restore
  ---
  duration_ms: 6.984436
  type: 'test'
  ...
# Subtest: archive and delete timestamps use NULL semantics when clock is zero
ok 4 - archive and delete timestamps use NULL semantics when clock is zero
  ---
  duration_ms: 4.576344
  type: 'test'
  ...
1..4
# tests 4
# suites 0
# pass 4
# fail 0
# cancelled 0
# skipped 0
# todo 0
# duration_ms 84.179698

EXIT=0
