TAP version 13
# file:///root/worktrees/viq-human-history/test/viq7-filter.test.js:4
# import { reconcileProjectSelection } from '../web/ui-core.js';
#          ^^^^^^^^^^^^^^^^^^^^^^^^^
# SyntaxError: The requested module '../web/ui-core.js' does not provide an export named 'reconcileProjectSelection'
#     at ModuleJob._instantiate (node:internal/modules/esm/module_job:226:21)
#     at async ModuleJob.run (node:internal/modules/esm/module_job:335:5)
#     at async onImport.tracePromise.__proto__ (node:internal/modules/esm/loader:665:26)
#     at async asyncRunEntryPointWithESMLoader (node:internal/modules/run_main:117:5)
# Node.js v22.22.2
# Subtest: test/viq7-filter.test.js
not ok 1 - test/viq7-filter.test.js
  ---
  duration_ms: 50.463054
  type: 'test'
  location: '/root/worktrees/viq-human-history/test/viq7-filter.test.js:1:1'
  failureType: 'testCodeFailure'
  exitCode: 1
  signal: ~
  error: 'test failed'
  code: 'ERR_TEST_FAILURE'
  ...
1..1
# tests 1
# suites 0
# pass 0
# fail 1
# cancelled 0
# skipped 0
# todo 0
# duration_ms 57.841724

EXIT=1
