TAP version 13
# (node:2468735) ExperimentalWarning: SQLite is an experimental feature and might change at any time
# (Use `node --trace-warnings ...` to show where the warning was created)
# Subtest: direct history edit is human-only while agent progress remains claim-authorized
not ok 1 - direct history edit is human-only while agent progress remains claim-authorized
  ---
  duration_ms: 10.406087
  type: 'test'
  location: '/root/worktrees/viq-human-history/test/viq7-review-repair.test.js:23:1'
  failureType: 'testCodeFailure'
  error: 'Missing expected rejection.'
  code: 'ERR_ASSERTION'
  name: 'AssertionError'
  stack: |-
    async TestContext.<anonymous> (file:///root/worktrees/viq-human-history/test/viq7-review-repair.test.js:32:3)
    async Test.run (node:internal/test_runner/test:1054:7)
    async startSubtestAfterBootstrap (node:internal/test_runner/harness:296:3)
  ...
1..1
# tests 1
# suites 0
# pass 0
# fail 1
# cancelled 0
# skipped 0
# todo 0
# duration_ms 66.122484

EXIT=1
